Archive member included to satisfy reference by file (symbol)

C:/ST/STM32CubeIDE_1.16.0/STM32CubeIDE/plugins/com.st.stm32cube.ide.mcu.externaltools.gnu-tools-for-stm32.12.3.rel1.win32_1.0.200.202406191623/tools/bin/../lib/gcc/arm-none-eabi/12.3.1/../../../../arm-none-eabi/lib/thumb/v7e-m+fp/hard\libc_nano.a(libc_a-exit.o)
                              C:/ST/STM32CubeIDE_1.16.0/STM32CubeIDE/plugins/com.st.stm32cube.ide.mcu.externaltools.gnu-tools-for-stm32.12.3.rel1.win32_1.0.200.202406191623/tools/bin/../lib/gcc/arm-none-eabi/12.3.1/../../../../arm-none-eabi/lib/thumb/v7e-m+fp/hard/crt0.o (exit)
C:/ST/STM32CubeIDE_1.16.0/STM32CubeIDE/plugins/com.st.stm32cube.ide.mcu.externaltools.gnu-tools-for-stm32.12.3.rel1.win32_1.0.200.202406191623/tools/bin/../lib/gcc/arm-none-eabi/12.3.1/../../../../arm-none-eabi/lib/thumb/v7e-m+fp/hard\libc_nano.a(libc_a-findfp.o)
                              C:/ST/STM32CubeIDE_1.16.0/STM32CubeIDE/plugins/com.st.stm32cube.ide.mcu.externaltools.gnu-tools-for-stm32.12.3.rel1.win32_1.0.200.202406191623/tools/bin/../lib/gcc/arm-none-eabi/12.3.1/../../../../arm-none-eabi/lib/thumb/v7e-m+fp/hard\libc_nano.a(libc_a-exit.o) (__stdio_exit_handler)
C:/ST/STM32CubeIDE_1.16.0/STM32CubeIDE/plugins/com.st.stm32cube.ide.mcu.externaltools.gnu-tools-for-stm32.12.3.rel1.win32_1.0.200.202406191623/tools/bin/../lib/gcc/arm-none-eabi/12.3.1/../../../../arm-none-eabi/lib/thumb/v7e-m+fp/hard\libc_nano.a(libc_a-fwalk.o)
                              C:/ST/STM32CubeIDE_1.16.0/STM32CubeIDE/plugins/com.st.stm32cube.ide.mcu.externaltools.gnu-tools-for-stm32.12.3.rel1.win32_1.0.200.202406191623/tools/bin/../lib/gcc/arm-none-eabi/12.3.1/../../../../arm-none-eabi/lib/thumb/v7e-m+fp/hard\libc_nano.a(libc_a-findfp.o) (_fwalk_sglue)
C:/ST/STM32CubeIDE_1.16.0/STM32CubeIDE/plugins/com.st.stm32cube.ide.mcu.externaltools.gnu-tools-for-stm32.12.3.rel1.win32_1.0.200.202406191623/tools/bin/../lib/gcc/arm-none-eabi/12.3.1/../../../../arm-none-eabi/lib/thumb/v7e-m+fp/hard\libc_nano.a(libc_a-stdio.o)
                              C:/ST/STM32CubeIDE_1.16.0/STM32CubeIDE/plugins/com.st.stm32cube.ide.mcu.externaltools.gnu-tools-for-stm32.12.3.rel1.win32_1.0.200.202406191623/tools/bin/../lib/gcc/arm-none-eabi/12.3.1/../../../../arm-none-eabi/lib/thumb/v7e-m+fp/hard\libc_nano.a(libc_a-findfp.o) (__sread)
C:/ST/STM32CubeIDE_1.16.0/STM32CubeIDE/plugins/com.st.stm32cube.ide.mcu.externaltools.gnu-tools-for-stm32.12.3.rel1.win32_1.0.200.202406191623/tools/bin/../lib/gcc/arm-none-eabi/12.3.1/../../../../arm-none-eabi/lib/thumb/v7e-m+fp/hard\libc_nano.a(libc_a-memcmp.o)
                              ./Middleware/SEGGER/OS/SEGGER_SYSVIEW_FreeRTOS.o (memcmp)
C:/ST/STM32CubeIDE_1.16.0/STM32CubeIDE/plugins/com.st.stm32cube.ide.mcu.externaltools.gnu-tools-for-stm32.12.3.rel1.win32_1.0.200.202406191623/tools/bin/../lib/gcc/arm-none-eabi/12.3.1/../../../../arm-none-eabi/lib/thumb/v7e-m+fp/hard\libc_nano.a(libc_a-memset.o)
                              C:/ST/STM32CubeIDE_1.16.0/STM32CubeIDE/plugins/com.st.stm32cube.ide.mcu.externaltools.gnu-tools-for-stm32.12.3.rel1.win32_1.0.200.202406191623/tools/bin/../lib/gcc/arm-none-eabi/12.3.1/../../../../arm-none-eabi/lib/thumb/v7e-m+fp/hard/crt0.o (memset)
C:/ST/STM32CubeIDE_1.16.0/STM32CubeIDE/plugins/com.st.stm32cube.ide.mcu.externaltools.gnu-tools-for-stm32.12.3.rel1.win32_1.0.200.202406191623/tools/bin/../lib/gcc/arm-none-eabi/12.3.1/../../../../arm-none-eabi/lib/thumb/v7e-m+fp/hard\libc_nano.a(libc_a-closer.o)
                              C:/ST/STM32CubeIDE_1.16.0/STM32CubeIDE/plugins/com.st.stm32cube.ide.mcu.externaltools.gnu-tools-for-stm32.12.3.rel1.win32_1.0.200.202406191623/tools/bin/../lib/gcc/arm-none-eabi/12.3.1/../../../../arm-none-eabi/lib/thumb/v7e-m+fp/hard\libc_nano.a(libc_a-stdio.o) (_close_r)
C:/ST/STM32CubeIDE_1.16.0/STM32CubeIDE/plugins/com.st.stm32cube.ide.mcu.externaltools.gnu-tools-for-stm32.12.3.rel1.win32_1.0.200.202406191623/tools/bin/../lib/gcc/arm-none-eabi/12.3.1/../../../../arm-none-eabi/lib/thumb/v7e-m+fp/hard\libc_nano.a(libc_a-reent.o)
                              C:/ST/STM32CubeIDE_1.16.0/STM32CubeIDE/plugins/com.st.stm32cube.ide.mcu.externaltools.gnu-tools-for-stm32.12.3.rel1.win32_1.0.200.202406191623/tools/bin/../lib/gcc/arm-none-eabi/12.3.1/../../../../arm-none-eabi/lib/thumb/v7e-m+fp/hard\libc_nano.a(libc_a-closer.o) (errno)
C:/ST/STM32CubeIDE_1.16.0/STM32CubeIDE/plugins/com.st.stm32cube.ide.mcu.externaltools.gnu-tools-for-stm32.12.3.rel1.win32_1.0.200.202406191623/tools/bin/../lib/gcc/arm-none-eabi/12.3.1/../../../../arm-none-eabi/lib/thumb/v7e-m+fp/hard\libc_nano.a(libc_a-impure.o)
                              C:/ST/STM32CubeIDE_1.16.0/STM32CubeIDE/plugins/com.st.stm32cube.ide.mcu.externaltools.gnu-tools-for-stm32.12.3.rel1.win32_1.0.200.202406191623/tools/bin/../lib/gcc/arm-none-eabi/12.3.1/../../../../arm-none-eabi/lib/thumb/v7e-m+fp/hard\libc_nano.a(libc_a-reent.o) (_impure_ptr)
[...]
Memory Configuration

Name             Origin             Length             Attributes
CCMRAM           0x10000000         0x00010000         xrw
RAM              0x20000000         0x00030000         xrw
FLASH            0x08000000         0x00200000         xr
*default*        0x00000000         0xffffffff

Linker script and memory map

LOAD C:/ST/STM32CubeIDE_1.16.0/STM32CubeIDE/plugins/com.st.stm32cube.ide.mcu.externaltools.gnu-tools-for-stm32.12.3.rel1.win32_1.0.200.202406191623/tools/bin/../lib/gcc/arm-none-eabi/12.3.1/thumb/v7e-m+fp/hard/crti.o
LOAD C:/ST/STM32CubeIDE_1.16.0/STM32CubeIDE/plugins/com.st.stm32cube.ide.mcu.externaltools.gnu-tools-for-stm32.12.3.rel1.win32_1.0.200.202406191623/tools/bin/../lib/gcc/arm-none-eabi/12.3.1/thumb/v7e-m+fp/hard/crtbegin.o
LOAD C:/ST/STM32CubeIDE_1.16.0/STM32CubeIDE/plugins/com.st.stm32cube.ide.mcu.externaltools.gnu-tools-for-stm32.12.3.rel1.win32_1.0.200.202406191623/tools/bin/../lib/gcc/arm-none-eabi/12.3.1/../../../../arm-none-eabi/lib/thumb/v7e-m+fp/hard/crt0.o
LOAD ./Core/Src/main.o
LOAD ./Core/Src/stm32f4xx_hal_msp.o
LOAD ./Core/Src/stm32f4xx_hal_timebase_tim.o
LOAD ./Core/Src/stm32f4xx_it.o
LOAD ./Core/Src/syscalls.o
LOAD ./Core/Src/system_stm32f4xx.o
LOAD ./Core/Startup/startup_stm32f429bitx.o
LOAD ./Drivers/STM32F4xx_HAL_Driver/Src/stm32f4xx_hal.o
LOAD ./Drivers/STM32F4xx_HAL_Driver/Src/stm32f4xx_hal_cortex.o
LOAD ./Drivers/STM32F4xx_HAL_Driver/Src/stm32f4xx_hal_dma.o
LOAD ./Drivers/STM32F4xx_HAL_Driver/Src/stm32f4xx_hal_dma_ex.o
LOAD ./Drivers/STM32F4xx_HAL_Driver/Src/stm32f4xx_hal_exti.o
LOAD ./Drivers/STM32F4xx_HAL_Driver/Src/stm32f4xx_hal_flash.o
LOAD ./Drivers/STM32F4xx_HAL_Driver/Src/stm32f4xx_hal_flash_ex.o
LOAD ./Drivers/STM32F4xx_HAL_Driver/Src/stm32f4xx_hal_flash_ramfunc.o
LOAD ./Drivers/STM32F4xx_HAL_Driver/Src/stm32f4xx_hal_gpio.o
LOAD ./Drivers/STM32F4xx_HAL_Driver/Src/stm32f4xx_hal_pwr.o
LOAD ./Drivers/STM32F4xx_HAL_Driver/Src/stm32f4xx_hal_pwr_ex.o
LOAD ./Drivers/STM32F4xx_HAL_Driver/Src/stm32f4xx_hal_rcc.o
LOAD ./Drivers/STM32F4xx_HAL_Driver/Src/stm32f4xx_hal_rcc_ex.o
LOAD ./Drivers/STM32F4xx_HAL_Driver/Src/stm32f4xx_hal_tim.o
LOAD ./Drivers/STM32F4xx_HAL_Driver/Src/stm32f4xx_hal_tim_ex.o
LOAD ./Middleware/FreeRTOS/croutine.o
LOAD ./Middleware/FreeRTOS/event_groups.o
LOAD ./Middleware/FreeRTOS/list.o
LOAD ./Middleware/FreeRTOS/queue.o
LOAD ./Middleware/FreeRTOS/stream_buffer.o
LOAD ./Middleware/FreeRTOS/tasks.o
LOAD ./Middleware/FreeRTOS/timers.o
LOAD ./Middleware/FreeRTOS/portable/GCC/ARM_CM4F/port.o
LOAD ./Middleware/FreeRTOS/portable/MemMang/heap_4.o
LOAD ./Middleware/SEGGER/Config/SEGGER_SYSVIEW_Config_FreeRTOS.o
LOAD ./Middleware/SEGGER/OS/SEGGER_SYSVIEW_FreeRTOS.o
LOAD ./Middleware/SEGGER/Recorded/segger_uart.o
LOAD ./Middleware/SEGGER/SEGGER/SEGGER_RTT.o
LOAD ./Middleware/SEGGER/SEGGER/SEGGER_RTT_ASM_ARMv7M.o
LOAD ./Middleware/SEGGER/SEGGER/SEGGER_RTT_printf.o
LOAD ./Middleware/SEGGER/SEGGER/SEGGER_SYSVIEW.o
LOAD ./Middleware/SEGGER/SEGGER/Syscalls/SEGGER_RTT_Syscalls_GCC.o
START GROUP
LOAD C:/ST/STM32CubeIDE_1.16.0/STM32CubeIDE/plugins/com.st.stm32cube.ide.mcu.externaltools.gnu-tools-for-stm32.12.3.rel1.win32_1.0.200.202406191623/tools/bin/../lib/gcc/arm-none-eabi/12.3.1/../../../../arm-none-eabi/lib/thumb/v7e-m+fp/hard\libc_nano.a
LOAD C:/ST/STM32CubeIDE_1.16.0/STM32CubeIDE/plugins/com.st.stm32cube.ide.mcu.externaltools.gnu-tools-for-stm32.12.3.rel1.win32_1.0.200.202406191623/tools/bin/../lib/gcc/arm-none-eabi/12.3.1/../../../../arm-none-eabi/lib/thumb/v7e-m+fp/hard\libm.a
END GROUP
START GROUP
LOAD C:/ST/STM32CubeIDE_1.16.0/STM32CubeIDE/plugins/com.st.stm32cube.ide.mcu.externaltools.gnu-tools-for-stm32.12.3.rel1.win32_1.0.200.202406191623/tools/bin/../lib/gcc/arm-none-eabi/12.3.1/thumb/v7e-m+fp/hard\libgcc.a
LOAD C:/ST/STM32CubeIDE_1.16.0/STM32CubeIDE/plugins/com.st.stm32cube.ide.mcu.externaltools.gnu-tools-for-stm32.12.3.rel1.win32_1.0.200.202406191623/tools/bin/../lib/gcc/arm-none-eabi/12.3.1/../../../../arm-none-eabi/lib/thumb/v7e-m+fp/hard\libc_nano.a
END GROUP
START GROUP
LOAD C:/ST/STM32CubeIDE_1.16.0/STM32CubeIDE/plugins/com.st.stm32cube.ide.mcu.externaltools.gnu-tools-for-stm32.12.3.rel1.win32_1.0.200.202406191623/tools/bin/../lib/gcc/arm-none-eabi/12.3.1/thumb/v7e-m+fp/hard\libgcc.a
LOAD C:/ST/STM32CubeIDE_1.16.0/STM32CubeIDE/plugins/com.st.stm32cube.ide.mcu.externaltools.gnu-tools-for-stm32.12.3.rel1.win32_1.0.200.202406191623/tools/bin/../lib/gcc/arm-none-eabi/12.3.1/../../../../arm-none-eabi/lib/thumb/v7e-m+fp/hard\libc_nano.a
LOAD C:/ST/STM32CubeIDE_1.16.0/STM32CubeIDE/plugins/com.st.stm32cube.ide.mcu.externaltools.gnu-tools-for-stm32.12.3.rel1.win32_1.0.200.202406191623/tools/bin/../lib/gcc/arm-none-eabi/12.3.1/../../../../arm-none-eabi/lib/thumb/v7e-m+fp/hard\libnosys.a
END GROUP
START GROUP
LOAD C:/ST/STM32CubeIDE_1.16.0/STM32CubeIDE/plugins/com.st.stm32cube.ide.mcu.externaltools.gnu-tools-for-stm32.12.3.rel1.win32_1.0.200.202406191623/tools/bin/../lib/gcc/arm-none-eabi/12.3.1/thumb/v7e-m+fp/hard\libgcc.a
LOAD C:/ST/STM32CubeIDE_1.16.0/STM32CubeIDE/plugins/com.st.stm32cube.ide.mcu.externaltools.gnu-tools-for-stm32.12.3.rel1.win32_1.0.200.202406191623/tools/bin/../lib/gcc/arm-none-eabi/12.3.1/../../../../arm-none-eabi/lib/thumb/v7e-m+fp/hard\libc_nano.a
LOAD C:/ST/STM32CubeIDE_1.16.0/STM32CubeIDE/plugins/com.st.stm32cube.ide.mcu.externaltools.gnu-tools-for-stm32.12.3.rel1.win32_1.0.200.202406191623/tools/bin/../lib/gcc/arm-none-eabi/12.3.1/../../../../arm-none-eabi/lib/thumb/v7e-m+fp/hard\libnosys.a
END GROUP
LOAD C:/ST/STM32CubeIDE_1.16.0/STM32CubeIDE/plugins/com.st.stm32cube.ide.mcu.externaltools.gnu-tools-for-stm32.12.3.rel1.win32_1.0.200.202406191623/tools/bin/../lib/gcc/arm-none-eabi/12.3.1/thumb/v7e-m+fp/hard/crtend.o
LOAD C:/ST/STM32CubeIDE_1.16.0/STM32CubeIDE/plugins/com.st.stm32cube.ide.mcu.externaltools.gnu-tools-for-stm32.12.3.rel1.win32_1.0.200.202406191623/tools/bin/../lib/gcc/arm-none-eabi/12.3.1/thumb/v7e-m+fp/hard/crtn.o
                0x20030000                        _estack = (ORIGIN (RAM) + LENGTH (RAM))
                0x00000200                        _Min_Heap_Size = 0x200
                0x00000400                        _Min_Stack_Size = 0x400

.isr_vector     0x08000000      0x1ac
                0x08000000                        . = ALIGN (0x4)
 *(.isr_vector)
 .isr_vector    0x08000000      0x1ac ./Core/Startup/startup_stm32f429bitx.o
                0x08000000                g_pfnVectors
                0x080001ac                        . = ALIGN (0x4)

.text           0x080001b0     0x6e88
                0x080001b0                        . = ALIGN (0x4)
 *(.text)
 .text          0x080001b0       0x40 C:/ST/STM32CubeIDE_1.16.0/STM32CubeIDE/plugins/com.st.stm32cube.ide.mcu.externaltools.gnu-tools-for-stm32.12.3.rel1.win32_1.0.200.202406191623/tools/bin/../lib/gcc/arm-none-eabi/12.3.1/thumb/v7e-m+fp/hard/crtbegin.o
 .text          0x080001f0       0x94 ./Middleware/SEGGER/SEGGER/SEGGER_RTT_ASM_ARMv7M.o
                0x080001f0                SEGGER_RTT_ASM_WriteSkipNoLock
 .text          0x08000284       0x30 C:/ST/STM32CubeIDE_1.16.0/STM32CubeIDE/plugins/com.st.stm32cube.ide.mcu.externaltools.gnu-tools-for-stm32.12.3.rel1.win32_1.0.200.202406191623/tools/bin/../lib/gcc/arm-none-eabi/12.3.1/thumb/v7e-m+fp/hard\libgcc.a(_aeabi_uldivmod.o)
                0x08000284                __aeabi_uldivmod
 .text          0x080002b4      0x2bc C:/ST/STM32CubeIDE_1.16.0/STM32CubeIDE/plugins/com.st.stm32cube.ide.mcu.externaltools.gnu-tools-for-stm32.12.3.rel1.win32_1.0.200.202406191623/tools/bin/../lib/gcc/arm-none-eabi/12.3.1/thumb/v7e-m+fp/hard\libgcc.a(_udivmoddi4.o)
                0x080002b4                __udivmoddi4
 .text          0x08000570        0x4 C:/ST/STM32CubeIDE_1.16.0/STM32CubeIDE/plugins/com.st.stm32cube.ide.mcu.externaltools.gnu-tools-for-stm32.12.3.rel1.win32_1.0.200.202406191623/tools/bin/../lib/gcc/arm-none-eabi/12.3.1/thumb/v7e-m+fp/hard\libgcc.a(_dvmd_tls.o)
                0x08000570                __aeabi_idiv0
                0x08000570                __aeabi_ldiv0
 *(.text*)
 .text.main     0x08000574       0xf8 ./Core/Src/main.o
                0x08000574                main
 .text.SystemClock_Config
                0x0800066c       0xc0 ./Core/Src/main.o
                0x0800066c                SystemClock_Config
 .text.MX_GPIO_Init
                0x0800072c       0x68 ./Core/Src/main.o
 .text.led_green_handler
                0x08000794       0x2c ./Core/Src/main.o
 .text.led_red_handler
                0x080007c0       0x2c ./Core/Src/main.o
 .text.led_orange_handler
                0x080007ec       0x2c ./Core/Src/main.o
 .text.HAL_TIM_PeriodElapsedCallback
                0x08000818       0x24 ./Core/Src/main.o
                0x08000818                HAL_TIM_PeriodElapsedCallback
 .text.Error_Handler
                0x0800083c        0xc ./Core/Src/main.o
                0x0800083c                Error_Handler
 .text.HAL_MspInit
                0x08000848       0x50 ./Core/Src/stm32f4xx_hal_msp.o
                0x08000848                HAL_MspInit
 .text.HAL_InitTick
                0x08000898       0xf8 ./Core/Src/stm32f4xx_hal_timebase_tim.o
                0x08000898                HAL_InitTick
 .text.NMI_Handler
                0x08000990        0x8 ./Core/Src/stm32f4xx_it.o
                0x08000990                NMI_Handler
 .text.HardFault_Handler
                0x08000998        0x8 ./Core/Src/stm32f4xx_it.o
                0x08000998                HardFault_Handler
 .text.MemManage_Handler
                0x080009a0        0x8 ./Core/Src/stm32f4xx_it.o
                0x080009a0                MemManage_Handler
 .text.BusFault_Handler
                0x080009a8        0x8 ./Core/Src/stm32f4xx_it.o
                0x080009a8                BusFault_Handler
 .text.UsageFault_Handler
                0x080009b0        0x8 ./Core/Src/stm32f4xx_it.o
                0x080009b0                UsageFault_Handler
 .text.DebugMon_Handler
                0x080009b8        0xe ./Core/Src/stm32f4xx_it.o
                0x080009b8                DebugMon_Handler
 *fill*         0x080009c6        0x2 
 .text.TIM6_DAC_IRQHandler
                0x080009c8       0x14 ./Core/Src/stm32f4xx_it.o
                0x080009c8                TIM6_DAC_IRQHandler
 .text.SystemInit
                0x080009dc       0x24 ./Core/Src/system_stm32f4xx.o
                0x080009dc                SystemInit
 .text.Reset_Handler
                0x08000a00       0x50 ./Core/Startup/startup_stm32f429bitx.o
                0x08000a00                Reset_Handler
 .text.Default_Handler
                0x08000a50        0x2 ./Core/Startup/startup_stm32f429bitx.o
                0x08000a50                RTC_Alarm_IRQHandler
                0x08000a50                HASH_RNG_IRQHandler
                0x08000a50                EXTI2_IRQHandler
                0x08000a50                TIM8_CC_IRQHandler
                0x08000a50                UART8_IRQHandler
                0x08000a50                SPI4_IRQHandler
                0x08000a50                TIM1_CC_IRQHandler
                0x08000a50                DMA2_Stream5_IRQHandler
                0x08000a50                DMA1_Stream5_IRQHandler
                0x08000a50                PVD_IRQHandler
                0x08000a50                SDIO_IRQHandler
                0x08000a50                TAMP_STAMP_IRQHandler
                0x08000a50                CAN2_RX1_IRQHandler
                0x08000a50                EXTI3_IRQHandler
                0x08000a50                TIM8_TRG_COM_TIM14_IRQHandler
                0x08000a50                TIM1_UP_TIM10_IRQHandler
                0x08000a50                TIM8_UP_TIM13_IRQHandler
                0x08000a50                I2C3_ER_IRQHandler
                0x08000a50                EXTI0_IRQHandler
                0x08000a50                I2C2_EV_IRQHandler
                0x08000a50                DMA1_Stream2_IRQHandler
                0x08000a50                CAN1_RX0_IRQHandler
                0x08000a50                FPU_IRQHandler
                0x08000a50                OTG_HS_WKUP_IRQHandler
                0x08000a50                LTDC_ER_IRQHandler
                0x08000a50                CAN2_SCE_IRQHandler
                0x08000a50                DMA2_Stream2_IRQHandler
                0x08000a50                SPI1_IRQHandler
                0x08000a50                TIM1_BRK_TIM9_IRQHandler
                0x08000a50                DCMI_IRQHandler
                0x08000a50                CAN2_RX0_IRQHandler
                0x08000a50                DMA2_Stream3_IRQHandler
                0x08000a50                USART6_IRQHandler
                0x08000a50                USART3_IRQHandler
                0x08000a50                CAN1_RX1_IRQHandler
                0x08000a50                UART5_IRQHandler
                0x08000a50                DMA2_Stream0_IRQHandler
                0x08000a50                TIM4_IRQHandler
                0x08000a50                I2C1_EV_IRQHandler
                0x08000a50                DMA1_Stream6_IRQHandler
                0x08000a50                DMA1_Stream1_IRQHandler
                0x08000a50                UART4_IRQHandler
                0x08000a50                TIM3_IRQHandler
                0x08000a50                RCC_IRQHandler
                0x08000a50                TIM8_BRK_TIM12_IRQHandler
                0x08000a50                Default_Handler
                0x08000a50                EXTI15_10_IRQHandler
                0x08000a50                ADC_IRQHandler
                0x08000a50                DMA1_Stream7_IRQHandler
                0x08000a50                SPI5_IRQHandler
                0x08000a50                TIM7_IRQHandler
                0x08000a50                CAN2_TX_IRQHandler
                0x08000a50                TIM5_IRQHandler
                0x08000a50                DMA2_Stream7_IRQHandler
                0x08000a50                I2C3_EV_IRQHandler
                0x08000a50                EXTI9_5_IRQHandler
                0x08000a50                RTC_WKUP_IRQHandler
                0x08000a50                LTDC_IRQHandler
                0x08000a50                ETH_WKUP_IRQHandler
                0x08000a50                SPI2_IRQHandler
                0x08000a50                OTG_HS_EP1_IN_IRQHandler
                0x08000a50                DMA1_Stream0_IRQHandler
                0x08000a50                CAN1_TX_IRQHandler
                0x08000a50                EXTI4_IRQHandler
                0x08000a50                ETH_IRQHandler
                0x08000a50                OTG_HS_EP1_OUT_IRQHandler
                0x08000a50                WWDG_IRQHandler
                0x08000a50                SPI6_IRQHandler
                0x08000a50                TIM2_IRQHandler
                0x08000a50                OTG_FS_WKUP_IRQHandler
                0x08000a50                TIM1_TRG_COM_TIM11_IRQHandler
                0x08000a50                OTG_HS_IRQHandler
                0x08000a50                DMA2D_IRQHandler
                0x08000a50                EXTI1_IRQHandler
                0x08000a50                UART7_IRQHandler
                0x08000a50                I2C2_ER_IRQHandler
                0x08000a50                DMA2_Stream1_IRQHandler
                0x08000a50                CAN1_SCE_IRQHandler
                0x08000a50                FLASH_IRQHandler
                0x08000a50                DMA2_Stream4_IRQHandler
                0x08000a50                USART1_IRQHandler
                0x08000a50                OTG_FS_IRQHandler
                0x08000a50                SPI3_IRQHandler
                0x08000a50                DMA1_Stream4_IRQHandler
                0x08000a50                I2C1_ER_IRQHandler
                0x08000a50                FMC_IRQHandler
                0x08000a50                DMA2_Stream6_IRQHandler
                0x08000a50                SAI1_IRQHandler
                0x08000a50                DMA1_Stream3_IRQHandler
 *fill*         0x08000a52        0x2 
 .text.HAL_Init
                0x08000a54       0x44 ./Drivers/STM32F4xx_HAL_Driver/Src/stm32f4xx_hal.o
                0x08000a54                HAL_Init
 .text.HAL_IncTick
                0x08000a98       0x28 ./Drivers/STM32F4xx_HAL_Driver/Src/stm32f4xx_hal.o
                0x08000a98                HAL_IncTick
 .text.HAL_GetTick
                0x08000ac0       0x18 ./Drivers/STM32F4xx_HAL_Driver/Src/stm32f4xx_hal.o
                0x08000ac0                HAL_GetTick
 .text.__NVIC_SetPriorityGrouping
                0x08000ad8       0x48 ./Drivers/STM32F4xx_HAL_Driver/Src/stm32f4xx_hal_cortex.o
 .text.__NVIC_GetPriorityGrouping
                0x08000b20       0x1c ./Drivers/STM32F4xx_HAL_Driver/Src/stm32f4xx_hal_cortex.o
 .text.__NVIC_EnableIRQ
                0x08000b3c       0x3c ./Drivers/STM32F4xx_HAL_Driver/Src/stm32f4xx_hal_cortex.o
 .text.__NVIC_SetPriority
                0x08000b78       0x54 ./Drivers/STM32F4xx_HAL_Driver/Src/stm32f4xx_hal_cortex.o
 .text.NVIC_EncodePriority
                0x08000bcc       0x66 ./Drivers/STM32F4xx_HAL_Driver/Src/stm32f4xx_hal_cortex.o
 .text.HAL_NVIC_SetPriorityGrouping
                0x08000c32       0x16 ./Drivers/STM32F4xx_HAL_Driver/Src/stm32f4xx_hal_cortex.o
                0x08000c32                HAL_NVIC_SetPriorityGrouping
 .text.HAL_NVIC_SetPriority
                0x08000c48       0x38 ./Drivers/STM32F4xx_HAL_Driver/Src/stm32f4xx_hal_cortex.o
                0x08000c48                HAL_NVIC_SetPriority
 .text.HAL_NVIC_EnableIRQ
                0x08000c80       0x1c ./Drivers/STM32F4xx_HAL_Driver/Src/stm32f4xx_hal_cortex.o
                0x08000c80                HAL_NVIC_EnableIRQ
 .text.HAL_GPIO_Init
                0x08000c9c      0x358 ./Drivers/STM32F4xx_HAL_Driver/Src/stm32f4xx_hal_gpio.o
                0x08000c9c                HAL_GPIO_Init
 .text.HAL_GPIO_WritePin
                0x08000ff4       0x32 ./Drivers/STM32F4xx_HAL_Driver/Src/stm32f4xx_hal_gpio.o
                0x08000ff4                HAL_GPIO_WritePin
 .text.HAL_GPIO_TogglePin
                0x08001026       0x34 ./Drivers/STM32F4xx_HAL_Driver/Src/stm32f4xx_hal_gpio.o
                0x08001026                HAL_GPIO_TogglePin
 *fill*         0x0800105a        0x2 
 .text.HAL_RCC_OscConfig
                0x0800105c      0x4f0 ./Drivers/STM32F4xx_HAL_Driver/Src/stm32f4xx_hal_rcc.o
                0x0800105c                HAL_RCC_OscConfig
 .text.HAL_RCC_ClockConfig
                0x0800154c      0x1cc ./Drivers/STM32F4xx_HAL_Driver/Src/stm32f4xx_hal_rcc.o
                0x0800154c                HAL_RCC_ClockConfig
 .text.HAL_RCC_GetSysClockFreq
                0x08001718      0x18c ./Drivers/STM32F4xx_HAL_Driver/Src/stm32f4xx_hal_rcc.o
                0x08001718                HAL_RCC_GetSysClockFreq
 .text.HAL_RCC_GetHCLKFreq
                0x080018a4       0x18 ./Drivers/STM32F4xx_HAL_Driver/Src/stm32f4xx_hal_rcc.o
                0x080018a4                HAL_RCC_GetHCLKFreq
 .text.HAL_RCC_GetPCLK1Freq
                0x080018bc       0x28 ./Drivers/STM32F4xx_HAL_Driver/Src/stm32f4xx_hal_rcc.o
                0x080018bc                HAL_RCC_GetPCLK1Freq
 .text.HAL_RCC_GetClockConfig
                0x080018e4       0x64 ./Drivers/STM32F4xx_HAL_Driver/Src/stm32f4xx_hal_rcc.o
                0x080018e4                HAL_RCC_GetClockConfig
 .text.HAL_TIM_Base_Init
                0x08001948       0x9e ./Drivers/STM32F4xx_HAL_Driver/Src/stm32f4xx_hal_tim.o
                0x08001948                HAL_TIM_Base_Init
 .text.HAL_TIM_Base_MspInit
                0x080019e6       0x14 ./Drivers/STM32F4xx_HAL_Driver/Src/stm32f4xx_hal_tim.o
                0x080019e6                HAL_TIM_Base_MspInit
 *fill*         0x080019fa        0x2 
 .text.HAL_TIM_Base_Start_IT
                0x080019fc       0xe0 ./Drivers/STM32F4xx_HAL_Driver/Src/stm32f4xx_hal_tim.o
                0x080019fc                HAL_TIM_Base_Start_IT
 .text.HAL_TIM_IRQHandler
                0x08001adc      0x1e0 ./Drivers/STM32F4xx_HAL_Driver/Src/stm32f4xx_hal_tim.o
                0x08001adc                HAL_TIM_IRQHandler
 .text.HAL_TIM_OC_DelayElapsedCallback
                0x08001cbc       0x14 ./Drivers/STM32F4xx_HAL_Driver/Src/stm32f4xx_hal_tim.o
                0x08001cbc                HAL_TIM_OC_DelayElapsedCallback
 .text.HAL_TIM_IC_CaptureCallback
                0x08001cd0       0x14 ./Drivers/STM32F4xx_HAL_Driver/Src/stm32f4xx_hal_tim.o
                0x08001cd0                HAL_TIM_IC_CaptureCallback
 .text.HAL_TIM_PWM_PulseFinishedCallback
                0x08001ce4       0x14 ./Drivers/STM32F4xx_HAL_Driver/Src/stm32f4xx_hal_tim.o
                0x08001ce4                HAL_TIM_PWM_PulseFinishedCallback
 .text.HAL_TIM_TriggerCallback
                0x08001cf8       0x14 ./Drivers/STM32F4xx_HAL_Driver/Src/stm32f4xx_hal_tim.o
                0x08001cf8                HAL_TIM_TriggerCallback
 .text.TIM_Base_SetConfig
                0x08001d0c      0x158 ./Drivers/STM32F4xx_HAL_Driver/Src/stm32f4xx_hal_tim.o
                0x08001d0c                TIM_Base_SetConfig
 .text.HAL_TIMEx_CommutCallback
                0x08001e64       0x14 ./Drivers/STM32F4xx_HAL_Driver/Src/stm32f4xx_hal_tim_ex.o
                0x08001e64                HAL_TIMEx_CommutCallback
 .text.HAL_TIMEx_BreakCallback
                0x08001e78       0x14 ./Drivers/STM32F4xx_HAL_Driver/Src/stm32f4xx_hal_tim_ex.o
                0x08001e78                HAL_TIMEx_BreakCallback
 .text.vListInitialise
                0x08001e8c       0x44 ./Middleware/FreeRTOS/list.o
                0x08001e8c                vListInitialise
 .text.vListInitialiseItem
                0x08001ed0       0x1e ./Middleware/FreeRTOS/list.o
                0x08001ed0                vListInitialiseItem
 .text.vListInsert
                0x08001eee       0x76 ./Middleware/FreeRTOS/list.o
                0x08001eee                vListInsert
 .text.uxListRemove
                0x08001f64       0x5e ./Middleware/FreeRTOS/list.o
                0x08001f64                uxListRemove
 .text.xQueueGenericReset
                0x08001fc2      0x112 ./Middleware/FreeRTOS/queue.o
                0x08001fc2                xQueueGenericReset
 .text.xQueueGenericCreate
                0x080020d4       0xb0 ./Middleware/FreeRTOS/queue.o
                0x080020d4                xQueueGenericCreate
 .text.prvInitialiseNewQueue
                0x08002184       0x46 ./Middleware/FreeRTOS/queue.o
 *fill*         0x080021ca        0x2 
 .text.xQueueReceive
                0x080021cc      0x1c8 ./Middleware/FreeRTOS/queue.o
                0x080021cc                xQueueReceive
 .text.prvCopyDataFromQueue
                0x08002394       0x4c ./Middleware/FreeRTOS/queue.o
 .text.prvUnlockQueue
                0x080023e0       0xa4 ./Middleware/FreeRTOS/queue.o
 .text.prvIsQueueEmpty
                0x08002484       0x2c ./Middleware/FreeRTOS/queue.o
 .text.vQueueAddToRegistry
                0x080024b0       0xa0 ./Middleware/FreeRTOS/queue.o
                0x080024b0                vQueueAddToRegistry
 .text.vQueueWaitForMessageRestricted
                0x08002550       0x6e ./Middleware/FreeRTOS/queue.o
                0x08002550                vQueueWaitForMessageRestricted
 .text.prvCreateTask
                0x080025be       0x78 ./Middleware/FreeRTOS/tasks.o
 .text.xTaskCreate
                0x08002636       0x50 ./Middleware/FreeRTOS/tasks.o
                0x08002636                xTaskCreate
 .text.prvInitialiseNewTask
                0x08002686      0x120 ./Middleware/FreeRTOS/tasks.o
 *fill*         0x080027a6        0x2 
 .text.prvAddNewTaskToReadyList
                0x080027a8      0x148 ./Middleware/FreeRTOS/tasks.o
 .text.vTaskDelay
                0x080028f0       0x70 ./Middleware/FreeRTOS/tasks.o
                0x080028f0                vTaskDelay
 .text.prvCreateIdleTasks
                0x08002960       0x94 ./Middleware/FreeRTOS/tasks.o
 .text.vTaskStartScheduler
                0x080029f4       0xb4 ./Middleware/FreeRTOS/tasks.o
                0x080029f4                vTaskStartScheduler
 .text.vTaskSuspendAll
                0x08002aa8       0x1c ./Middleware/FreeRTOS/tasks.o
                0x08002aa8                vTaskSuspendAll
 .text.xTaskResumeAll
                0x08002ac4      0x204 ./Middleware/FreeRTOS/tasks.o
                0x08002ac4                xTaskResumeAll
 .text.xTaskGetTickCount
                0x08002cc8       0x24 ./Middleware/FreeRTOS/tasks.o
                0x08002cc8                xTaskGetTickCount
 .text.xTaskGetTickCountFromISR
                0x08002cec       0x2c ./Middleware/FreeRTOS/tasks.o
                0x08002cec                xTaskGetTickCountFromISR
 .text.xTaskIncrementTick
                0x08002d18      0x200 ./Middleware/FreeRTOS/tasks.o
                0x08002d18                xTaskIncrementTick
 .text.vTaskSwitchContext
                0x08002f18       0xd8 ./Middleware/FreeRTOS/tasks.o
                0x08002f18                vTaskSwitchContext
 .text.vTaskPlaceOnEventList
                0x08002ff0       0x50 ./Middleware/FreeRTOS/tasks.o
                0x08002ff0                vTaskPlaceOnEventList
 .text.vTaskPlaceOnEventListRestricted
                0x08003040       0x94 ./Middleware/FreeRTOS/tasks.o
                0x08003040                vTaskPlaceOnEventListRestricted
 .text.xTaskRemoveFromEventList
                0x080030d4      0x1c0 ./Middleware/FreeRTOS/tasks.o
                0x080030d4                xTaskRemoveFromEventList
 .text.vTaskInternalSetTimeOutState
                0x08003294       0x30 ./Middleware/FreeRTOS/tasks.o
                0x08003294                vTaskInternalSetTimeOutState
 .text.xTaskCheckForTimeOut
                0x080032c4       0xd8 ./Middleware/FreeRTOS/tasks.o
                0x080032c4                xTaskCheckForTimeOut
 .text.vTaskMissedYield
                0x0800339c       0x18 ./Middleware/FreeRTOS/tasks.o
                0x0800339c                vTaskMissedYield
 .text.prvIdleTask
                0x080033b4       0x24 ./Middleware/FreeRTOS/tasks.o
 .text.prvInitialiseTaskLists
                0x080033d8       0x80 ./Middleware/FreeRTOS/tasks.o
 .text.prvCheckTasksWaitingTermination
                0x08003458       0x5c ./Middleware/FreeRTOS/tasks.o
 .text.prvDeleteTCB
                0x080034b4       0x20 ./Middleware/FreeRTOS/tasks.o
 .text.prvResetNextTaskUnblockTime
                0x080034d4       0x38 ./Middleware/FreeRTOS/tasks.o
 .text.xTaskGetSchedulerState
                0x0800350c       0x44 ./Middleware/FreeRTOS/tasks.o
                0x0800350c                xTaskGetSchedulerState
 .text.prvAddCurrentTaskToDelayedList
                0x08003550      0x11c ./Middleware/FreeRTOS/tasks.o
 .text.xTimerCreateTimerTask
                0x0800366c       0x74 ./Middleware/FreeRTOS/timers.o
                0x0800366c                xTimerCreateTimerTask
 .text.prvReloadTimer
                0x080036e0       0x42 ./Middleware/FreeRTOS/timers.o
 *fill*         0x08003722        0x2 
 .text.prvProcessExpiredTimer
                0x08003724       0x60 ./Middleware/FreeRTOS/timers.o
 .text.prvTimerTask
                0x08003784       0x26 ./Middleware/FreeRTOS/timers.o
 *fill*         0x080037aa        0x2 
 .text.prvProcessTimerOrBlockTask
                0x080037ac       0x9c ./Middleware/FreeRTOS/timers.o
 .text.prvGetNextExpireTime
                0x08003848       0x48 ./Middleware/FreeRTOS/timers.o
 .text.prvSampleTimeNow
                0x08003890       0x40 ./Middleware/FreeRTOS/timers.o
 .text.prvInsertTimerInActiveList
                0x080038d0       0x84 ./Middleware/FreeRTOS/timers.o
 .text.prvProcessReceivedCommands
                0x08003954      0x190 ./Middleware/FreeRTOS/timers.o
 .text.prvSwitchTimerLists
                0x08003ae4       0x4c ./Middleware/FreeRTOS/timers.o
 .text.prvCheckForValidListAndQueue
                0x08003b30       0x6c ./Middleware/FreeRTOS/timers.o
 .text.pxPortInitialiseStack
                0x08003b9c       0x68 ./Middleware/FreeRTOS/portable/GCC/ARM_CM4F/port.o
                0x08003b9c                pxPortInitialiseStack
 .text.prvTaskExitError
                0x08003c04       0x5c ./Middleware/FreeRTOS/portable/GCC/ARM_CM4F/port.o
 .text.SVC_Handler
                0x08003c60       0x28 ./Middleware/FreeRTOS/portable/GCC/ARM_CM4F/port.o
                0x08003c60                SVC_Handler
 .text.prvPortStartFirstTask
                0x08003c88       0x2c ./Middleware/FreeRTOS/portable/GCC/ARM_CM4F/port.o
 .text.xPortStartScheduler
                0x08003cb4      0x1e0 ./Middleware/FreeRTOS/portable/GCC/ARM_CM4F/port.o
                0x08003cb4                xPortStartScheduler
 .text.vInitPrioGroupValue
                0x08003e94      0x100 ./Middleware/FreeRTOS/portable/GCC/ARM_CM4F/port.o
                0x08003e94                vInitPrioGroupValue
 .text.vPortEnterCritical
                0x08003f94       0x64 ./Middleware/FreeRTOS/portable/GCC/ARM_CM4F/port.o
                0x08003f94                vPortEnterCritical
 .text.vPortExitCritical
                0x08003ff8       0x54 ./Middleware/FreeRTOS/portable/GCC/ARM_CM4F/port.o
                0x08003ff8                vPortExitCritical
 *fill*         0x0800404c        0x4 
 .text.PendSV_Handler
                0x08004050       0x68 ./Middleware/FreeRTOS/portable/GCC/ARM_CM4F/port.o
                0x08004050                PendSV_Handler
 .text.SysTick_Handler
                0x080040b8       0x54 ./Middleware/FreeRTOS/portable/GCC/ARM_CM4F/port.o
                0x080040b8                SysTick_Handler
 .text.vPortSetupTimerInterrupt
                0x0800410c       0x48 ./Middleware/FreeRTOS/portable/GCC/ARM_CM4F/port.o
                0x0800410c                vPortSetupTimerInterrupt
 .text.vPortEnableVFP
                0x08004154       0x18 ./Middleware/FreeRTOS/portable/GCC/ARM_CM4F/port.o
 .text.vPortValidateInterruptPriority
                0x0800416c       0x84 ./Middleware/FreeRTOS/portable/GCC/ARM_CM4F/port.o
                0x0800416c                vPortValidateInterruptPriority
 .text.pvPortMalloc
                0x080041f0      0x264 ./Middleware/FreeRTOS/portable/MemMang/heap_4.o
                0x080041f0                pvPortMalloc
 .text.vPortFree
                0x08004454       0xf4 ./Middleware/FreeRTOS/portable/MemMang/heap_4.o
                0x08004454                vPortFree
 .text.prvHeapInit
                0x08004548       0xb4 ./Middleware/FreeRTOS/portable/MemMang/heap_4.o
 .text.prvInsertBlockIntoFreeList
                0x080045fc       0xf4 ./Middleware/FreeRTOS/portable/MemMang/heap_4.o
 .text._cbSendSystemDesc
                0x080046f0       0x1c ./Middleware/SEGGER/Config/SEGGER_SYSVIEW_Config_FreeRTOS.o
 .text.SEGGER_SYSVIEW_Conf
                0x0800470c       0x2c ./Middleware/SEGGER/Config/SEGGER_SYSVIEW_Config_FreeRTOS.o
                0x0800470c                SEGGER_SYSVIEW_Conf
 .text._cbSendTaskList
                0x08004738       0x90 ./Middleware/SEGGER/OS/SEGGER_SYSVIEW_FreeRTOS.o
 .text._cbGetTime
                0x080047c8       0x86 ./Middleware/SEGGER/OS/SEGGER_SYSVIEW_FreeRTOS.o
 *fill*         0x0800484e        0x2 
 .text.SYSVIEW_AddTask
                0x08004850       0xd0 ./Middleware/SEGGER/OS/SEGGER_SYSVIEW_FreeRTOS.o
                0x08004850                SYSVIEW_AddTask
 .text.SYSVIEW_SendTaskInfo
                0x08004920       0x42 ./Middleware/SEGGER/OS/SEGGER_SYSVIEW_FreeRTOS.o
                0x08004920                SYSVIEW_SendTaskInfo
 *fill*         0x08004962        0x2 
 .text.__NVIC_EnableIRQ
                0x08004964       0x3c ./Middleware/SEGGER/Recorded/segger_uart.o
 .text.__NVIC_SetPriority
                0x080049a0       0x54 ./Middleware/SEGGER/Recorded/segger_uart.o
 .text._StartSysView
                0x080049f4       0x1e ./Middleware/SEGGER/Recorded/segger_uart.o
 *fill*         0x08004a12        0x2 
 .text._cbOnUARTRx
                0x08004a14       0x40 ./Middleware/SEGGER/Recorded/segger_uart.o
 .text._cbOnUARTTx
                0x08004a54       0x64 ./Middleware/SEGGER/Recorded/segger_uart.o
 .text.SEGGER_UART_init
                0x08004ab8       0x24 ./Middleware/SEGGER/Recorded/segger_uart.o
                0x08004ab8                SEGGER_UART_init
 .text.USART2_IRQHandler
                0x08004adc       0x94 ./Middleware/SEGGER/Recorded/segger_uart.o
                0x08004adc                USART2_IRQHandler
 .text.HIF_UART_EnableTXEInterrupt
                0x08004b70       0x20 ./Middleware/SEGGER/Recorded/segger_uart.o
                0x08004b70                HIF_UART_EnableTXEInterrupt
 .text.HIF_UART_Init
                0x08004b90       0xf4 ./Middleware/SEGGER/Recorded/segger_uart.o
                0x08004b90                HIF_UART_Init
 .text._DoInit  0x08004c84       0xb4 ./Middleware/SEGGER/SEGGER/SEGGER_RTT.o
 .text._WriteBlocking
                0x08004d38       0xba ./Middleware/SEGGER/SEGGER/SEGGER_RTT.o
 .text._WriteNoCheck
                0x08004df2       0x90 ./Middleware/SEGGER/SEGGER/SEGGER_RTT.o
 .text._GetAvailWriteSpace
                0x08004e82       0x46 ./Middleware/SEGGER/SEGGER/SEGGER_RTT.o
 .text.SEGGER_RTT_ReadUpBufferNoLock
                0x08004ec8      0x10c ./Middleware/SEGGER/SEGGER/SEGGER_RTT.o
                0x08004ec8                SEGGER_RTT_ReadUpBufferNoLock
 .text.SEGGER_RTT_ReadNoLock
                0x08004fd4      0x10c ./Middleware/SEGGER/SEGGER/SEGGER_RTT.o
                0x08004fd4                SEGGER_RTT_ReadNoLock
 .text.SEGGER_RTT_WriteDownBufferNoLock
                0x080050e0       0xa0 ./Middleware/SEGGER/SEGGER/SEGGER_RTT.o
                0x080050e0                SEGGER_RTT_WriteDownBufferNoLock
 .text.SEGGER_RTT_WriteDownBuffer
                0x08005180       0x4c ./Middleware/SEGGER/SEGGER/SEGGER_RTT.o
                0x08005180                SEGGER_RTT_WriteDownBuffer
 .text.SEGGER_RTT_AllocUpBuffer
                0x080051cc      0x108 ./Middleware/SEGGER/SEGGER/SEGGER_RTT.o
                0x080051cc                SEGGER_RTT_AllocUpBuffer
 .text.SEGGER_RTT_ConfigDownBuffer
                0x080052d4       0x98 ./Middleware/SEGGER/SEGGER/SEGGER_RTT.o
                0x080052d4                SEGGER_RTT_ConfigDownBuffer
 .text._EncodeStr
                0x0800536c       0x72 ./Middleware/SEGGER/SEGGER/SEGGER_SYSVIEW.o
 .text._PreparePacket
                0x080053de       0x18 ./Middleware/SEGGER/SEGGER/SEGGER_SYSVIEW.o
 *fill*         0x080053f6        0x2 
 .text._HandleIncomingPacket
                0x080053f8       0xdc ./Middleware/SEGGER/SEGGER/SEGGER_SYSVIEW.o
 .text._TrySendOverflowPacket
                0x080054d4       0xe8 ./Middleware/SEGGER/SEGGER/SEGGER_SYSVIEW.o
 .text._SendPacket
                0x080055bc      0x2e0 ./Middleware/SEGGER/SEGGER/SEGGER_SYSVIEW.o
 .text._StoreChar
                0x0800589c       0xf6 ./Middleware/SEGGER/SEGGER/SEGGER_SYSVIEW.o
 *fill*         0x08005992        0x2 
 .text._PrintUnsigned
                0x08005994      0x12c ./Middleware/SEGGER/SEGGER/SEGGER_SYSVIEW.o
 .text._PrintInt
                0x08005ac0      0x11e ./Middleware/SEGGER/SEGGER/SEGGER_SYSVIEW.o
 *fill*         0x08005bde        0x2 
 .text._VPrintTarget
                0x08005be0      0x440 ./Middleware/SEGGER/SEGGER/SEGGER_SYSVIEW.o
 .text.SEGGER_SYSVIEW_Init
                0x08006020       0x88 ./Middleware/SEGGER/SEGGER/SEGGER_SYSVIEW.o
                0x08006020                SEGGER_SYSVIEW_Init
 .text.SEGGER_SYSVIEW_SetRAMBase
                0x080060a8       0x20 ./Middleware/SEGGER/SEGGER/SEGGER_SYSVIEW.o
                0x080060a8                SEGGER_SYSVIEW_SetRAMBase
 .text.SEGGER_SYSVIEW_RecordVoid
                0x080060c8       0x3c ./Middleware/SEGGER/SEGGER/SEGGER_SYSVIEW.o
                0x080060c8                SEGGER_SYSVIEW_RecordVoid
 .text.SEGGER_SYSVIEW_RecordU32
                0x08006104       0x78 ./Middleware/SEGGER/SEGGER/SEGGER_SYSVIEW.o
                0x08006104                SEGGER_SYSVIEW_RecordU32
 .text.SEGGER_SYSVIEW_RecordU32x2
                0x0800617c       0xb4 ./Middleware/SEGGER/SEGGER/SEGGER_SYSVIEW.o
                0x0800617c                SEGGER_SYSVIEW_RecordU32x2
 .text.SEGGER_SYSVIEW_Start
                0x08006230      0x178 ./Middleware/SEGGER/SEGGER/SEGGER_SYSVIEW.o
                0x08006230                SEGGER_SYSVIEW_Start
 .text.SEGGER_SYSVIEW_Stop
                0x080063a8       0x4c ./Middleware/SEGGER/SEGGER/SEGGER_SYSVIEW.o
                0x080063a8                SEGGER_SYSVIEW_Stop
 .text.SEGGER_SYSVIEW_GetSysDesc
                0x080063f4      0x134 ./Middleware/SEGGER/SEGGER/SEGGER_SYSVIEW.o
                0x080063f4                SEGGER_SYSVIEW_GetSysDesc
 .text.SEGGER_SYSVIEW_SendTaskInfo
                0x08006528      0x1c8 ./Middleware/SEGGER/SEGGER/SEGGER_SYSVIEW.o
                0x08006528                SEGGER_SYSVIEW_SendTaskInfo
 .text.SEGGER_SYSVIEW_SendTaskList
                0x080066f0       0x28 ./Middleware/SEGGER/SEGGER/SEGGER_SYSVIEW.o
                0x080066f0                SEGGER_SYSVIEW_SendTaskList
 .text.SEGGER_SYSVIEW_SendSysDesc
                0x08006718       0x48 ./Middleware/SEGGER/SEGGER/SEGGER_SYSVIEW.o
                0x08006718                SEGGER_SYSVIEW_SendSysDesc
 .text.SEGGER_SYSVIEW_RecordSystime
                0x08006760       0x64 ./Middleware/SEGGER/SEGGER/SEGGER_SYSVIEW.o
                0x08006760                SEGGER_SYSVIEW_RecordSystime
 .text.SEGGER_SYSVIEW_RecordEnterISR
                0x080067c4       0x84 ./Middleware/SEGGER/SEGGER/SEGGER_SYSVIEW.o
                0x080067c4                SEGGER_SYSVIEW_RecordEnterISR
 .text.SEGGER_SYSVIEW_RecordExitISR
                0x08006848       0x38 ./Middleware/SEGGER/SEGGER/SEGGER_SYSVIEW.o
                0x08006848                SEGGER_SYSVIEW_RecordExitISR
 .text.SEGGER_SYSVIEW_RecordExitISRToScheduler
                0x08006880       0x38 ./Middleware/SEGGER/SEGGER/SEGGER_SYSVIEW.o
                0x08006880                SEGGER_SYSVIEW_RecordExitISRToScheduler
 .text.SEGGER_SYSVIEW_RecordEndCall
                0x080068b8       0x78 ./Middleware/SEGGER/SEGGER/SEGGER_SYSVIEW.o
                0x080068b8                SEGGER_SYSVIEW_RecordEndCall
 .text.SEGGER_SYSVIEW_RecordEndCallU32
                0x08006930       0xb0 ./Middleware/SEGGER/SEGGER/SEGGER_SYSVIEW.o
                0x08006930                SEGGER_SYSVIEW_RecordEndCallU32
 .text.SEGGER_SYSVIEW_OnIdle
                0x080069e0       0x38 ./Middleware/SEGGER/SEGGER/SEGGER_SYSVIEW.o
                0x080069e0                SEGGER_SYSVIEW_OnIdle
 .text.SEGGER_SYSVIEW_OnTaskCreate
                0x08006a18       0x84 ./Middleware/SEGGER/SEGGER/SEGGER_SYSVIEW.o
                0x08006a18                SEGGER_SYSVIEW_OnTaskCreate
 .text.SEGGER_SYSVIEW_OnTaskStartExec
                0x08006a9c       0x84 ./Middleware/SEGGER/SEGGER/SEGGER_SYSVIEW.o
                0x08006a9c                SEGGER_SYSVIEW_OnTaskStartExec
 .text.SEGGER_SYSVIEW_OnTaskStartReady
                0x08006b20       0x84 ./Middleware/SEGGER/SEGGER/SEGGER_SYSVIEW.o
                0x08006b20                SEGGER_SYSVIEW_OnTaskStartReady
 .text.SEGGER_SYSVIEW_OnTaskStopReady
                0x08006ba4       0xc0 ./Middleware/SEGGER/SEGGER/SEGGER_SYSVIEW.o
                0x08006ba4                SEGGER_SYSVIEW_OnTaskStopReady
 .text.SEGGER_SYSVIEW_ShrinkId
                0x08006c64       0x20 ./Middleware/SEGGER/SEGGER/SEGGER_SYSVIEW.o
                0x08006c64                SEGGER_SYSVIEW_ShrinkId
 .text.SEGGER_SYSVIEW_SendModule
                0x08006c84      0x114 ./Middleware/SEGGER/SEGGER/SEGGER_SYSVIEW.o
                0x08006c84                SEGGER_SYSVIEW_SendModule
 .text.SEGGER_SYSVIEW_SendModuleDescription
                0x08006d98       0x3c ./Middleware/SEGGER/SEGGER/SEGGER_SYSVIEW.o
                0x08006d98                SEGGER_SYSVIEW_SendModuleDescription
 .text.SEGGER_SYSVIEW_SendNumModules
                0x08006dd4       0x7c ./Middleware/SEGGER/SEGGER/SEGGER_SYSVIEW.o
                0x08006dd4                SEGGER_SYSVIEW_SendNumModules
 .text.SEGGER_SYSVIEW_PrintfTarget
                0x08006e50       0x28 ./Middleware/SEGGER/SEGGER/SEGGER_SYSVIEW.o
                0x08006e50                SEGGER_SYSVIEW_PrintfTarget
 .text.SEGGER_SYSVIEW_Warn
                0x08006e78       0xb8 ./Middleware/SEGGER/SEGGER/SEGGER_SYSVIEW.o
                0x08006e78                SEGGER_SYSVIEW_Warn
 .text.SEGGER_SYSVIEW_IsStarted
                0x08006f30       0x5c ./Middleware/SEGGER/SEGGER/SEGGER_SYSVIEW.o
                0x08006f30                SEGGER_SYSVIEW_IsStarted
 .text.memcmp   0x08006f8c       0x20 C:/ST/STM32CubeIDE_1.16.0/STM32CubeIDE/plugins/com.st.stm32cube.ide.mcu.externaltools.gnu-tools-for-stm32.12.3.rel1.win32_1.0.200.202406191623/tools/bin/../lib/gcc/arm-none-eabi/12.3.1/../../../../arm-none-eabi/lib/thumb/v7e-m+fp/hard\libc_nano.a(libc_a-memcmp.o)
                0x08006f8c                memcmp
 .text.memset   0x08006fac       0x10 C:/ST/STM32CubeIDE_1.16.0/STM32CubeIDE/plugins/com.st.stm32cube.ide.mcu.externaltools.gnu-tools-for-stm32.12.3.rel1.win32_1.0.200.202406191623/tools/bin/../lib/gcc/arm-none-eabi/12.3.1/../../../../arm-none-eabi/lib/thumb/v7e-m+fp/hard\libc_nano.a(libc_a-memset.o)
                0x08006fac                memset
 .text.__libc_init_array
                0x08006fbc       0x48 C:/ST/STM32CubeIDE_1.16.0/STM32CubeIDE/plugins/com.st.stm32cube.ide.mcu.externaltools.gnu-tools-for-stm32.12.3.rel1.win32_1.0.200.202406191623/tools/bin/../lib/gcc/arm-none-eabi/12.3.1/../../../../arm-none-eabi/lib/thumb/v7e-m+fp/hard\libc_nano.a(libc_a-init.o)
                0x08006fbc                __libc_init_array
 .text.memcpy   0x08007004       0x1c C:/ST/STM32CubeIDE_1.16.0/STM32CubeIDE/plugins/com.st.stm32cube.ide.mcu.externaltools.gnu-tools-for-stm32.12.3.rel1.win32_1.0.200.202406191623/tools/bin/../lib/gcc/arm-none-eabi/12.3.1/../../../../arm-none-eabi/lib/thumb/v7e-m+fp/hard\libc_nano.a(libc_a-memcpy-stub.o)
                0x08007004                memcpy
 *(.glue_7)
 .glue_7        0x08007020        0x0 linker stubs
 *(.glue_7t)
 .glue_7t       0x08007020        0x0 linker stubs
 *(.eh_frame)
 .eh_frame      0x08007020        0x0 C:/ST/STM32CubeIDE_1.16.0/STM32CubeIDE/plugins/com.st.stm32cube.ide.mcu.externaltools.gnu-tools-for-stm32.12.3.rel1.win32_1.0.200.202406191623/tools/bin/../lib/gcc/arm-none-eabi/12.3.1/thumb/v7e-m+fp/hard/crtbegin.o
 *(.init)
 .init          0x08007020        0x4 C:/ST/STM32CubeIDE_1.16.0/STM32CubeIDE/plugins/com.st.stm32cube.ide.mcu.externaltools.gnu-tools-for-stm32.12.3.rel1.win32_1.0.200.202406191623/tools/bin/../lib/gcc/arm-none-eabi/12.3.1/thumb/v7e-m+fp/hard/crti.o
                0x08007020                _init
 .init          0x08007024        0x8 C:/ST/STM32CubeIDE_1.16.0/STM32CubeIDE/plugins/com.st.stm32cube.ide.mcu.externaltools.gnu-tools-for-stm32.12.3.rel1.win32_1.0.200.202406191623/tools/bin/../lib/gcc/arm-none-eabi/12.3.1/thumb/v7e-m+fp/hard/crtn.o
 *(.fini)
 .fini          0x0800702c        0x4 C:/ST/STM32CubeIDE_1.16.0/STM32CubeIDE/plugins/com.st.stm32cube.ide.mcu.externaltools.gnu-tools-for-stm32.12.3.rel1.win32_1.0.200.202406191623/tools/bin/../lib/gcc/arm-none-eabi/12.3.1/thumb/v7e-m+fp/hard/crti.o
                0x0800702c                _fini
 .fini          0x08007030        0x8 C:/ST/STM32CubeIDE_1.16.0/STM32CubeIDE/plugins/com.st.stm32cube.ide.mcu.externaltools.gnu-tools-for-stm32.12.3.rel1.win32_1.0.200.202406191623/tools/bin/../lib/gcc/arm-none-eabi/12.3.1/thumb/v7e-m+fp/hard/crtn.o
                0x08007038                        . = ALIGN (0x4)
                0x08007038                        _etext = .

.vfp11_veneer   0x08007038        0x0
 .vfp11_veneer  0x08007038        0x0 linker stubs

.v4_bx          0x08007038        0x0
 .v4_bx         0x08007038        0x0 linker stubs

.iplt           0x08007038        0x0
 .iplt          0x08007038        0x0 C:/ST/STM32CubeIDE_1.16.0/STM32CubeIDE/plugins/com.st.stm32cube.ide.mcu.externaltools.gnu-tools-for-stm32.12.3.rel1.win32_1.0.200.202406191623/tools/bin/../lib/gcc/arm-none-eabi/12.3.1/thumb/v7e-m+fp/hard/crtbegin.o

.rodata         0x08007038      0x198
                0x08007038                        . = ALIGN (0x4)
 *(.rodata)
 .rodata        0x08007038       0x6c ./Core/Src/main.o
 .rodata        0x080070a4        0x5 ./Middleware/FreeRTOS/tasks.o
 *fill*         0x080070a9        0x3 
 .rodata        0x080070ac        0xd ./Middleware/FreeRTOS/timers.o
 *fill*         0x080070b9        0x3 
 .rodata        0x080070bc       0x49 ./Middleware/SEGGER/Config/SEGGER_SYSVIEW_Config_FreeRTOS.o
 *fill*         0x08007105        0x3 
 .rodata        0x08007108       0x58 ./Middleware/SEGGER/OS/SEGGER_SYSVIEW_FreeRTOS.o
 .rodata        0x08007160        0x9 ./Middleware/SEGGER/SEGGER/SEGGER_RTT.o
 *fill*         0x08007169        0x3 
 .rodata        0x0800716c       0x10 ./Middleware/SEGGER/SEGGER/SEGGER_SYSVIEW.o
 *(.rodata*)
 .rodata.AHBPrescTable
                0x0800717c       0x10 ./Core/Src/system_stm32f4xx.o
                0x0800717c                AHBPrescTable
 .rodata.APBPrescTable
                0x0800718c        0x8 ./Core/Src/system_stm32f4xx.o
                0x0800718c                APBPrescTable
 .rodata.SYSVIEW_X_OS_TraceAPI
                0x08007194        0x8 ./Middleware/SEGGER/OS/SEGGER_SYSVIEW_FreeRTOS.o
                0x08007194                SYSVIEW_X_OS_TraceAPI
 .rodata._abHelloMsg
                0x0800719c        0x4 ./Middleware/SEGGER/Recorded/segger_uart.o
 .rodata._aInitStr.0
                0x080071a0       0x11 ./Middleware/SEGGER/SEGGER/SEGGER_RTT.o
 *fill*         0x080071b1        0x3 
 .rodata._abSync
                0x080071b4        0xa ./Middleware/SEGGER/SEGGER/SEGGER_SYSVIEW.o
 *fill*         0x080071be        0x2 
 .rodata._aV2C.0
                0x080071c0       0x10 ./Middleware/SEGGER/SEGGER/SEGGER_SYSVIEW.o
                0x080071d0                        . = ALIGN (0x4)

.ARM.extab      0x080071d0        0x0
                0x080071d0                        . = ALIGN (0x4)
 *(.ARM.extab* .gnu.linkonce.armextab.*)
                0x080071d0                        . = ALIGN (0x4)

.ARM            0x080071d0        0x8
                0x080071d0                        . = ALIGN (0x4)
                0x080071d0                        __exidx_start = .
 *(.ARM.exidx*)
 .ARM.exidx     0x080071d0        0x8 C:/ST/STM32CubeIDE_1.16.0/STM32CubeIDE/plugins/com.st.stm32cube.ide.mcu.externaltools.gnu-tools-for-stm32.12.3.rel1.win32_1.0.200.202406191623/tools/bin/../lib/gcc/arm-none-eabi/12.3.1/thumb/v7e-m+fp/hard\libgcc.a(_udivmoddi4.o)
                0x080071d8                        __exidx_end = .
                0x080071d8                        . = ALIGN (0x4)

.preinit_array  0x080071d8        0x0
                0x080071d8                        . = ALIGN (0x4)
                0x080071d8                        PROVIDE (__preinit_array_start = .)
 *(.preinit_array*)
                0x080071d8                        PROVIDE (__preinit_array_end = .)
                0x080071d8                        . = ALIGN (0x4)

.init_array     0x080071d8        0x4
                0x080071d8                        . = ALIGN (0x4)
                0x080071d8                        PROVIDE (__init_array_start = .)
 *(SORT_BY_NAME(.init_array.*))
 *(.init_array*)
 .init_array    0x080071d8        0x4 C:/ST/STM32CubeIDE_1.16.0/STM32CubeIDE/plugins/com.st.stm32cube.ide.mcu.externaltools.gnu-tools-for-stm32.12.3.rel1.win32_1.0.200.202406191623/tools/bin/../lib/gcc/arm-none-eabi/12.3.1/thumb/v7e-m+fp/hard/crtbegin.o
                0x080071dc                        PROVIDE (__init_array_end = .)
                0x080071dc                        . = ALIGN (0x4)

.fini_array     0x080071dc        0x4
                0x080071dc                        . = ALIGN (0x4)
                [!provide]                        PROVIDE (__fini_array_start = .)
 *(SORT_BY_NAME(.fini_array.*))
 *(.fini_array*)
 .fini_array    0x080071dc        0x4 C:/ST/STM32CubeIDE_1.16.0/STM32CubeIDE/plugins/com.st.stm32cube.ide.mcu.externaltools.gnu-tools-for-stm32.12.3.rel1.win32_1.0.200.202406191623/tools/bin/../lib/gcc/arm-none-eabi/12.3.1/thumb/v7e-m+fp/hard/crtbegin.o
                [!provide]                        PROVIDE (__fini_array_end = .)
                0x080071e0                        . = ALIGN (0x4)
                0x080071e0                        _sidata = LOADADDR (.data)

.rel.dyn        0x080071e0        0x0
 .rel.iplt      0x080071e0        0x0 C:/ST/STM32CubeIDE_1.16.0/STM32CubeIDE/plugins/com.st.stm32cube.ide.mcu.externaltools.gnu-tools-for-stm32.12.3.rel1.win32_1.0.200.202406191623/tools/bin/../lib/gcc/arm-none-eabi/12.3.1/thumb/v7e-m+fp/hard/crtbegin.o

.data           0x20000000       0x1c load address 0x080071e0
                0x20000000                        . = ALIGN (0x4)
                0x20000000                        _sdata = .
 *(.data)
 *(.data*)
 .data.SystemCoreClock
                0x20000000        0x4 ./Core/Src/system_stm32f4xx.o
                0x20000000                SystemCoreClock
 .data.uwTickPrio
                0x20000004        0x4 ./Drivers/STM32F4xx_HAL_Driver/Src/stm32f4xx_hal.o
                0x20000004                uwTickPrio
 .data.uwTickFreq
                0x20000008        0x1 ./Drivers/STM32F4xx_HAL_Driver/Src/stm32f4xx_hal.o
                0x20000008                uwTickFreq
 *fill*         0x20000009        0x3 
 .data.uxTopUsedPriority
                0x2000000c        0x4 ./Middleware/FreeRTOS/tasks.o
 .data.uxCriticalNesting
                0x20000010        0x4 ./Middleware/FreeRTOS/portable/GCC/ARM_CM4F/port.o
 .data._SVInfo  0x20000014        0x8 ./Middleware/SEGGER/Recorded/segger_uart.o
 *(.RamFunc)
 *(.RamFunc*)
                0x2000001c                        . = ALIGN (0x4)
                0x2000001c                        _edata = .
                0x080071fc                        _siccmram = LOADADDR (.ccmram)

.igot.plt       0x2000001c        0x0 load address 0x080071fc
 .igot.plt      0x2000001c        0x0 C:/ST/STM32CubeIDE_1.16.0/STM32CubeIDE/plugins/com.st.stm32cube.ide.mcu.externaltools.gnu-tools-for-stm32.12.3.rel1.win32_1.0.200.202406191623/tools/bin/../lib/gcc/arm-none-eabi/12.3.1/thumb/v7e-m+fp/hard/crtbegin.o

.ccmram         0x10000000        0x0 load address 0x080071fc
                0x10000000                        . = ALIGN (0x4)
                0x10000000                        _sccmram = .
 *(.ccmram)
 *(.ccmram*)
                0x10000000                        . = ALIGN (0x4)
                0x10000000                        _eccmram = .
                0x10000000                        . = ALIGN (0x4)

.bss            0x2000001c    0x1448c
                0x2000001c                        _sbss = .
                0x2000001c                        __bss_start__ = _sbss
 *(.bss)
 .bss           0x2000001c       0x1c C:/ST/STM32CubeIDE_1.16.0/STM32CubeIDE/plugins/com.st.stm32cube.ide.mcu.externaltools.gnu-tools-for-stm32.12.3.rel1.win32_1.0.200.202406191623/tools/bin/../lib/gcc/arm-none-eabi/12.3.1/thumb/v7e-m+fp/hard/crtbegin.o
 *(.bss*)
 .bss.htim6     0x20000038       0x48 ./Core/Src/stm32f4xx_hal_timebase_tim.o
                0x20000038                htim6
 .bss.uwTick    0x20000080        0x4 ./Drivers/STM32F4xx_HAL_Driver/Src/stm32f4xx_hal.o
                0x20000080                uwTick
 .bss.xQueueRegistry
                0x20000084       0x40 ./Middleware/FreeRTOS/queue.o
                0x20000084                xQueueRegistry
 .bss.pxCurrentTCB
                0x200000c4        0x4 ./Middleware/FreeRTOS/tasks.o
                0x200000c4                pxCurrentTCB
 .bss.pxReadyTasksLists
                0x200000c8       0x64 ./Middleware/FreeRTOS/tasks.o
 .bss.xDelayedTaskList1
                0x2000012c       0x14 ./Middleware/FreeRTOS/tasks.o
 .bss.xDelayedTaskList2
                0x20000140       0x14 ./Middleware/FreeRTOS/tasks.o
 .bss.pxDelayedTaskList
                0x20000154        0x4 ./Middleware/FreeRTOS/tasks.o
 .bss.pxOverflowDelayedTaskList
                0x20000158        0x4 ./Middleware/FreeRTOS/tasks.o
 .bss.xPendingReadyList
                0x2000015c       0x14 ./Middleware/FreeRTOS/tasks.o
 .bss.xTasksWaitingTermination
                0x20000170       0x14 ./Middleware/FreeRTOS/tasks.o
 .bss.uxDeletedTasksWaitingCleanUp
                0x20000184        0x4 ./Middleware/FreeRTOS/tasks.o
 .bss.xSuspendedTaskList
                0x20000188       0x14 ./Middleware/FreeRTOS/tasks.o
 .bss.uxCurrentNumberOfTasks
                0x2000019c        0x4 ./Middleware/FreeRTOS/tasks.o
 .bss.xTickCount
                0x200001a0        0x4 ./Middleware/FreeRTOS/tasks.o
 .bss.uxTopReadyPriority
                0x200001a4        0x4 ./Middleware/FreeRTOS/tasks.o
 .bss.xSchedulerRunning
                0x200001a8        0x4 ./Middleware/FreeRTOS/tasks.o
 .bss.xPendedTicks
                0x200001ac        0x4 ./Middleware/FreeRTOS/tasks.o
 .bss.xYieldPendings
                0x200001b0        0x4 ./Middleware/FreeRTOS/tasks.o
 .bss.xNumOfOverflows
                0x200001b4        0x4 ./Middleware/FreeRTOS/tasks.o
 .bss.uxTaskNumber
                0x200001b8        0x4 ./Middleware/FreeRTOS/tasks.o
 .bss.xNextTaskUnblockTime
                0x200001bc        0x4 ./Middleware/FreeRTOS/tasks.o
 .bss.xIdleTaskHandles
                0x200001c0        0x4 ./Middleware/FreeRTOS/tasks.o
 .bss.uxSchedulerSuspended
                0x200001c4        0x4 ./Middleware/FreeRTOS/tasks.o
 .bss.xActiveTimerList1
                0x200001c8       0x14 ./Middleware/FreeRTOS/timers.o
 .bss.xActiveTimerList2
                0x200001dc       0x14 ./Middleware/FreeRTOS/timers.o
 .bss.pxCurrentTimerList
                0x200001f0        0x4 ./Middleware/FreeRTOS/timers.o
 .bss.pxOverflowTimerList
                0x200001f4        0x4 ./Middleware/FreeRTOS/timers.o
 .bss.xTimerQueue
                0x200001f8        0x4 ./Middleware/FreeRTOS/timers.o
 .bss.xTimerTaskHandle
                0x200001fc        0x4 ./Middleware/FreeRTOS/timers.o
 .bss.xLastTime.0
                0x20000200        0x4 ./Middleware/FreeRTOS/timers.o
 .bss.ucMaxSysCallPriority
                0x20000204        0x1 ./Middleware/FreeRTOS/portable/GCC/ARM_CM4F/port.o
 *fill*         0x20000205        0x3 
 .bss.ulMaxPRIGROUPValue
                0x20000208        0x4 ./Middleware/FreeRTOS/portable/GCC/ARM_CM4F/port.o
 .bss.ucHeap    0x2000020c    0x12c00 ./Middleware/FreeRTOS/portable/MemMang/heap_4.o
 .bss.xStart    0x20012e0c        0x8 ./Middleware/FreeRTOS/portable/MemMang/heap_4.o
 .bss.pxEnd     0x20012e14        0x4 ./Middleware/FreeRTOS/portable/MemMang/heap_4.o
 .bss.xFreeBytesRemaining
                0x20012e18        0x4 ./Middleware/FreeRTOS/portable/MemMang/heap_4.o
 .bss.xMinimumEverFreeBytesRemaining
                0x20012e1c        0x4 ./Middleware/FreeRTOS/portable/MemMang/heap_4.o
 .bss.xNumberOfSuccessfulAllocations
                0x20012e20        0x4 ./Middleware/FreeRTOS/portable/MemMang/heap_4.o
 .bss.xNumberOfSuccessfulFrees
                0x20012e24        0x4 ./Middleware/FreeRTOS/portable/MemMang/heap_4.o
 .bss._aTasks   0x20012e28       0xa0 ./Middleware/SEGGER/OS/SEGGER_SYSVIEW_FreeRTOS.o
 .bss._NumTasks
                0x20012ec8        0x4 ./Middleware/SEGGER/OS/SEGGER_SYSVIEW_FreeRTOS.o
 .bss._cbOnRx   0x20012ecc        0x4 ./Middleware/SEGGER/Recorded/segger_uart.o
 .bss._cbOnTx   0x20012ed0        0x4 ./Middleware/SEGGER/Recorded/segger_uart.o
 .bss._SEGGER_RTT
                0x20012ed4       0xa8 ./Middleware/SEGGER/SEGGER/SEGGER_RTT.o
                0x20012ed4                _SEGGER_RTT
 .bss._acUpBuffer
                0x20012f7c      0x400 ./Middleware/SEGGER/SEGGER/SEGGER_RTT.o
 .bss._acDownBuffer
                0x2001337c       0x10 ./Middleware/SEGGER/SEGGER/SEGGER_RTT.o
 .bss._UpBuffer
                0x2001338c     0x1000 ./Middleware/SEGGER/SEGGER/SEGGER_SYSVIEW.o
 .bss._DownBuffer
                0x2001438c        0x8 ./Middleware/SEGGER/SEGGER/SEGGER_SYSVIEW.o
 .bss._SYSVIEW_Globals
                0x20014394       0x28 ./Middleware/SEGGER/SEGGER/SEGGER_SYSVIEW.o
 .bss._pFirstModule
                0x200143bc        0x4 ./Middleware/SEGGER/SEGGER/SEGGER_SYSVIEW.o
 .bss._NumModules
                0x200143c0        0x1 ./Middleware/SEGGER/SEGGER/SEGGER_SYSVIEW.o
 *fill*         0x200143c1        0x3 
 .bss._aPacket  0x200143c4       0xe3 ./Middleware/SEGGER/SEGGER/SEGGER_SYSVIEW.o
 *(COMMON)
                0x200144a8                        . = ALIGN (0x4)
 *fill*         0x200144a7        0x1 
                0x200144a8                        _ebss = .
                0x200144a8                        __bss_end__ = _ebss

._user_heap_stack
                0x200144a8      0x600
                0x200144a8                        . = ALIGN (0x8)
                0x200144a8                        PROVIDE (end = .)
                [!provide]                        PROVIDE (_end = .)
                0x200146a8                        . = (. + _Min_Heap_Size)
 *fill*         0x200144a8      0x200 
                0x20014aa8                        . = (. + _Min_Stack_Size)
 *fill*         0x200146a8      0x400 
                0x20014aa8                        . = ALIGN (0x8)

/DISCARD/
 libc.a(*)
 libm.a(*)
 libgcc.a(*)

.ARM.attributes
                0x00000000       0x30
 *(.ARM.attributes)
 .ARM.attributes
                0x00000000       0x22 C:/ST/STM32CubeIDE_1.16.0/STM32CubeIDE/plugins/com.st.stm32cube.ide.mcu.externaltools.gnu-tools-for-stm32.12.3.rel1.win32_1.0.200.202406191623/tools/bin/../lib/gcc/arm-none-eabi/12.3.1/thumb/v7e-m+fp/hard/crti.o
 .ARM.attributes
                0x00000022       0x34 C:/ST/STM32CubeIDE_1.16.0/STM32CubeIDE/plugins/com.st.stm32cube.ide.mcu.externaltools.gnu-tools-for-stm32.12.3.rel1.win32_1.0.200.202406191623/tools/bin/../lib/gcc/arm-none-eabi/12.3.1/thumb/v7e-m+fp/hard/crtbegin.o
 .ARM.attributes
                0x00000056       0x34 ./Core/Src/main.o
 .ARM.attributes
                0x0000008a       0x34 ./Core/Src/stm32f4xx_hal_msp.o
 .ARM.attributes
                0x000000be       0x34 ./Core/Src/stm32f4xx_hal_timebase_tim.o
 .ARM.attributes
                0x000000f2       0x34 ./Core/Src/stm32f4xx_it.o
 .ARM.attributes
                0x00000126       0x34 ./Core/Src/system_stm32f4xx.o
 .ARM.attributes
                0x0000015a       0x21 ./Core/Startup/startup_stm32f429bitx.o
 .ARM.attributes
                0x0000017b       0x34 ./Drivers/STM32F4xx_HAL_Driver/Src/stm32f4xx_hal.o
 .ARM.attributes
                0x000001af       0x34 ./Drivers/STM32F4xx_HAL_Driver/Src/stm32f4xx_hal_cortex.o
 .ARM.attributes
                0x000001e3       0x34 ./Drivers/STM32F4xx_HAL_Driver/Src/stm32f4xx_hal_gpio.o
 .ARM.attributes
                0x00000217       0x34 ./Drivers/STM32F4xx_HAL_Driver/Src/stm32f4xx_hal_rcc.o
 .ARM.attributes
                0x0000024b       0x34 ./Drivers/STM32F4xx_HAL_Driver/Src/stm32f4xx_hal_tim.o
 .ARM.attributes
                0x0000027f       0x34 ./Drivers/STM32F4xx_HAL_Driver/Src/stm32f4xx_hal_tim_ex.o
 .ARM.attributes
                0x000002b3       0x34 ./Middleware/FreeRTOS/list.o
 .ARM.attributes
                0x000002e7       0x34 ./Middleware/FreeRTOS/queue.o
 .ARM.attributes
                0x0000031b       0x34 ./Middleware/FreeRTOS/tasks.o
 .ARM.attributes
                0x0000034f       0x34 ./Middleware/FreeRTOS/timers.o
 .ARM.attributes
                0x00000383       0x34 ./Middleware/FreeRTOS/portable/GCC/ARM_CM4F/port.o
 .ARM.attributes
                0x000003b7       0x34 ./Middleware/FreeRTOS/portable/MemMang/heap_4.o
 .ARM.attributes
                0x000003eb       0x34 ./Middleware/SEGGER/Config/SEGGER_SYSVIEW_Config_FreeRTOS.o
 .ARM.attributes
                0x0000041f       0x34 ./Middleware/SEGGER/OS/SEGGER_SYSVIEW_FreeRTOS.o
 .ARM.attributes
                0x00000453       0x34 ./Middleware/SEGGER/Recorded/segger_uart.o
 .ARM.attributes
                0x00000487       0x34 ./Middleware/SEGGER/SEGGER/SEGGER_RTT.o
 .ARM.attributes
                0x000004bb       0x20 ./Middleware/SEGGER/SEGGER/SEGGER_RTT_ASM_ARMv7M.o
 .ARM.attributes
                0x000004db       0x34 ./Middleware/SEGGER/SEGGER/SEGGER_SYSVIEW.o
 .ARM.attributes
                0x0000050f       0x34 C:/ST/STM32CubeIDE_1.16.0/STM32CubeIDE/plugins/com.st.stm32cube.ide.mcu.externaltools.gnu-tools-for-stm32.12.3.rel1.win32_1.0.200.202406191623/tools/bin/../lib/gcc/arm-none-eabi/12.3.1/../../../../arm-none-eabi/lib/thumb/v7e-m+fp/hard\libc_nano.a(libc_a-memcmp.o)
 .ARM.attributes
                0x00000543       0x34 C:/ST/STM32CubeIDE_1.16.0/STM32CubeIDE/plugins/com.st.stm32cube.ide.mcu.externaltools.gnu-tools-for-stm32.12.3.rel1.win32_1.0.200.202406191623/tools/bin/../lib/gcc/arm-none-eabi/12.3.1/../../../../arm-none-eabi/lib/thumb/v7e-m+fp/hard\libc_nano.a(libc_a-memset.o)
 .ARM.attributes
                0x00000577       0x34 C:/ST/STM32CubeIDE_1.16.0/STM32CubeIDE/plugins/com.st.stm32cube.ide.mcu.externaltools.gnu-tools-for-stm32.12.3.rel1.win32_1.0.200.202406191623/tools/bin/../lib/gcc/arm-none-eabi/12.3.1/../../../../arm-none-eabi/lib/thumb/v7e-m+fp/hard\libc_nano.a(libc_a-init.o)
 .ARM.attributes
                0x000005ab       0x34 C:/ST/STM32CubeIDE_1.16.0/STM32CubeIDE/plugins/com.st.stm32cube.ide.mcu.externaltools.gnu-tools-for-stm32.12.3.rel1.win32_1.0.200.202406191623/tools/bin/../lib/gcc/arm-none-eabi/12.3.1/../../../../arm-none-eabi/lib/thumb/v7e-m+fp/hard\libc_nano.a(libc_a-memcpy-stub.o)
 .ARM.attributes
                0x000005df       0x22 C:/ST/STM32CubeIDE_1.16.0/STM32CubeIDE/plugins/com.st.stm32cube.ide.mcu.externaltools.gnu-tools-for-stm32.12.3.rel1.win32_1.0.200.202406191623/tools/bin/../lib/gcc/arm-none-eabi/12.3.1/thumb/v7e-m+fp/hard\libgcc.a(_aeabi_uldivmod.o)
 .ARM.attributes
                0x00000601       0x34 C:/ST/STM32CubeIDE_1.16.0/STM32CubeIDE/plugins/com.st.stm32cube.ide.mcu.externaltools.gnu-tools-for-stm32.12.3.rel1.win32_1.0.200.202406191623/tools/bin/../lib/gcc/arm-none-eabi/12.3.1/thumb/v7e-m+fp/hard\libgcc.a(_udivmoddi4.o)
 .ARM.attributes
                0x00000635       0x22 C:/ST/STM32CubeIDE_1.16.0/STM32CubeIDE/plugins/com.st.stm32cube.ide.mcu.externaltools.gnu-tools-for-stm32.12.3.rel1.win32_1.0.200.202406191623/tools/bin/../lib/gcc/arm-none-eabi/12.3.1/thumb/v7e-m+fp/hard\libgcc.a(_dvmd_tls.o)
 .ARM.attributes
                0x00000657       0x22 C:/ST/STM32CubeIDE_1.16.0/STM32CubeIDE/plugins/com.st.stm32cube.ide.mcu.externaltools.gnu-tools-for-stm32.12.3.rel1.win32_1.0.200.202406191623/tools/bin/../lib/gcc/arm-none-eabi/12.3.1/thumb/v7e-m+fp/hard/crtn.o
OUTPUT(002_Task_Led.elf elf32-littlearm)
LOAD linker stubs
LOAD C:/ST/STM32CubeIDE_1.16.0/STM32CubeIDE/plugins/com.st.stm32cube.ide.mcu.externaltools.gnu-tools-for-stm32.12.3.rel1.win32_1.0.200.202406191623/tools/bin/../lib/gcc/arm-none-eabi/12.3.1/../../../../arm-none-eabi/lib/thumb/v7e-m+fp/hard\libc.a
LOAD C:/ST/STM32CubeIDE_1.16.0/STM32CubeIDE/plugins/com.st.stm32cube.ide.mcu.externaltools.gnu-tools-for-stm32.12.3.rel1.win32_1.0.200.202406191623/tools/bin/../lib/gcc/arm-none-eabi/12.3.1/../../../../arm-none-eabi/lib/thumb/v7e-m+fp/hard\libm.a
LOAD C:/ST/STM32CubeIDE_1.16.0/STM32CubeIDE/plugins/com.st.stm32cube.ide.mcu.externaltools.gnu-tools-for-stm32.12.3.rel1.win32_1.0.200.202406191623/tools/bin/../lib/gcc/arm-none-eabi/12.3.1/thumb/v7e-m+fp/hard\libgcc.a

.debug_info     0x00000000    0x156c9
 .debug_info    0x00000000      0xec8 ./Core/Src/main.o
 .debug_info    0x00000ec8      0x298 ./Core/Src/stm32f4xx_hal_msp.o
 .debug_info    0x00001160      0xc40 ./Core/Src/stm32f4xx_hal_timebase_tim.o
 .debug_info    0x00001da0      0x6ab ./Core/Src/stm32f4xx_it.o
 .debug_info    0x0000244b      0x52e ./Core/Src/system_stm32f4xx.o
 .debug_info    0x00002979       0x30 ./Core/Startup/startup_stm32f429bitx.o
 .debug_info    0x000029a9      0x9ba ./Drivers/STM32F4xx_HAL_Driver/Src/stm32f4xx_hal.o
 .debug_info    0x00003363      0xdc2 ./Drivers/STM32F4xx_HAL_Driver/Src/stm32f4xx_hal_cortex.o
 .debug_info    0x00004125      0x6db ./Drivers/STM32F4xx_HAL_Driver/Src/stm32f4xx_hal_gpio.o
 .debug_info    0x00004800      0x8c7 ./Drivers/STM32F4xx_HAL_Driver/Src/stm32f4xx_hal_rcc.o
 .debug_info    0x000050c7     0x299d ./Drivers/STM32F4xx_HAL_Driver/Src/stm32f4xx_hal_tim.o
 .debug_info    0x00007a64     0x14db ./Drivers/STM32F4xx_HAL_Driver/Src/stm32f4xx_hal_tim_ex.o
 .debug_info    0x00008f3f      0x2d8 ./Middleware/FreeRTOS/list.o
 .debug_info    0x00009217     0x18f3 ./Middleware/FreeRTOS/queue.o
 .debug_info    0x0000ab0a     0x2975 ./Middleware/FreeRTOS/tasks.o
 .debug_info    0x0000d47f      0xf50 ./Middleware/FreeRTOS/timers.o
 .debug_info    0x0000e3cf      0x644 ./Middleware/FreeRTOS/portable/GCC/ARM_CM4F/port.o
 .debug_info    0x0000ea13      0x5e0 ./Middleware/FreeRTOS/portable/MemMang/heap_4.o
 .debug_info    0x0000eff3      0x181 ./Middleware/SEGGER/Config/SEGGER_SYSVIEW_Config_FreeRTOS.o
 .debug_info    0x0000f174      0x426 ./Middleware/SEGGER/OS/SEGGER_SYSVIEW_FreeRTOS.o
 .debug_info    0x0000f59a      0x8e3 ./Middleware/SEGGER/Recorded/segger_uart.o
 .debug_info    0x0000fe7d     0x14d5 ./Middleware/SEGGER/SEGGER/SEGGER_RTT.o
 .debug_info    0x00011352       0x25 ./Middleware/SEGGER/SEGGER/SEGGER_RTT_ASM_ARMv7M.o
 .debug_info    0x00011377     0x4352 ./Middleware/SEGGER/SEGGER/SEGGER_SYSVIEW.o

.debug_abbrev   0x00000000     0x318d
 .debug_abbrev  0x00000000      0x324 ./Core/Src/main.o
 .debug_abbrev  0x00000324       0xeb ./Core/Src/stm32f4xx_hal_msp.o
 .debug_abbrev  0x0000040f      0x1f4 ./Core/Src/stm32f4xx_hal_timebase_tim.o
 .debug_abbrev  0x00000603      0x17d ./Core/Src/stm32f4xx_it.o
 .debug_abbrev  0x00000780      0x11a ./Core/Src/system_stm32f4xx.o
 .debug_abbrev  0x0000089a       0x24 ./Core/Startup/startup_stm32f429bitx.o
 .debug_abbrev  0x000008be      0x214 ./Drivers/STM32F4xx_HAL_Driver/Src/stm32f4xx_hal.o
 .debug_abbrev  0x00000ad2      0x31d ./Drivers/STM32F4xx_HAL_Driver/Src/stm32f4xx_hal_cortex.o
 .debug_abbrev  0x00000def      0x1d4 ./Drivers/STM32F4xx_HAL_Driver/Src/stm32f4xx_hal_gpio.o
 .debug_abbrev  0x00000fc3      0x2b7 ./Drivers/STM32F4xx_HAL_Driver/Src/stm32f4xx_hal_rcc.o
 .debug_abbrev  0x0000127a      0x278 ./Drivers/STM32F4xx_HAL_Driver/Src/stm32f4xx_hal_tim.o
 .debug_abbrev  0x000014f2      0x283 ./Drivers/STM32F4xx_HAL_Driver/Src/stm32f4xx_hal_tim_ex.o
 .debug_abbrev  0x00001775      0x10c ./Middleware/FreeRTOS/list.o
 .debug_abbrev  0x00001881      0x305 ./Middleware/FreeRTOS/queue.o
 .debug_abbrev  0x00001b86      0x3dc ./Middleware/FreeRTOS/tasks.o
 .debug_abbrev  0x00001f62      0x2b8 ./Middleware/FreeRTOS/timers.o
 .debug_abbrev  0x0000221a      0x248 ./Middleware/FreeRTOS/portable/GCC/ARM_CM4F/port.o
 .debug_abbrev  0x00002462      0x25a ./Middleware/FreeRTOS/portable/MemMang/heap_4.o
 .debug_abbrev  0x000026bc       0xee ./Middleware/SEGGER/Config/SEGGER_SYSVIEW_Config_FreeRTOS.o
 .debug_abbrev  0x000027aa      0x1c0 ./Middleware/SEGGER/OS/SEGGER_SYSVIEW_FreeRTOS.o
 .debug_abbrev  0x0000296a      0x28c ./Middleware/SEGGER/Recorded/segger_uart.o
 .debug_abbrev  0x00002bf6      0x230 ./Middleware/SEGGER/SEGGER/SEGGER_RTT.o
 .debug_abbrev  0x00002e26       0x14 ./Middleware/SEGGER/SEGGER/SEGGER_RTT_ASM_ARMv7M.o
 .debug_abbrev  0x00002e3a      0x353 ./Middleware/SEGGER/SEGGER/SEGGER_SYSVIEW.o

.debug_aranges  0x00000000     0x1468
 .debug_aranges
                0x00000000       0x58 ./Core/Src/main.o
 .debug_aranges
                0x00000058       0x20 ./Core/Src/stm32f4xx_hal_msp.o
 .debug_aranges
                0x00000078       0x30 ./Core/Src/stm32f4xx_hal_timebase_tim.o
 .debug_aranges
                0x000000a8       0x50 ./Core/Src/stm32f4xx_it.o
 .debug_aranges
                0x000000f8       0x28 ./Core/Src/system_stm32f4xx.o
 .debug_aranges
                0x00000120       0x28 ./Core/Startup/startup_stm32f429bitx.o
 .debug_aranges
                0x00000148      0x100 ./Drivers/STM32F4xx_HAL_Driver/Src/stm32f4xx_hal.o
 .debug_aranges
                0x00000248      0x130 ./Drivers/STM32F4xx_HAL_Driver/Src/stm32f4xx_hal_cortex.o
 .debug_aranges
                0x00000378       0x58 ./Drivers/STM32F4xx_HAL_Driver/Src/stm32f4xx_hal_gpio.o
 .debug_aranges
                0x000003d0       0x88 ./Drivers/STM32F4xx_HAL_Driver/Src/stm32f4xx_hal_rcc.o
 .debug_aranges
                0x00000458      0x3d0 ./Drivers/STM32F4xx_HAL_Driver/Src/stm32f4xx_hal_tim.o
 .debug_aranges
                0x00000828      0x168 ./Drivers/STM32F4xx_HAL_Driver/Src/stm32f4xx_hal_tim_ex.o
 .debug_aranges
                0x00000990       0x40 ./Middleware/FreeRTOS/list.o
 .debug_aranges
                0x000009d0      0x140 ./Middleware/FreeRTOS/queue.o
 .debug_aranges
                0x00000b10      0x240 ./Middleware/FreeRTOS/tasks.o
 .debug_aranges
                0x00000d50       0xf8 ./Middleware/FreeRTOS/timers.o
 .debug_aranges
                0x00000e48       0x88 ./Middleware/FreeRTOS/portable/GCC/ARM_CM4F/port.o
 .debug_aranges
                0x00000ed0       0x68 ./Middleware/FreeRTOS/portable/MemMang/heap_4.o
 .debug_aranges
                0x00000f38       0x28 ./Middleware/SEGGER/Config/SEGGER_SYSVIEW_Config_FreeRTOS.o
 .debug_aranges
                0x00000f60       0x48 ./Middleware/SEGGER/OS/SEGGER_SYSVIEW_FreeRTOS.o
 .debug_aranges
                0x00000fa8       0x68 ./Middleware/SEGGER/Recorded/segger_uart.o
 .debug_aranges
                0x00001010      0x138 ./Middleware/SEGGER/SEGGER/SEGGER_RTT.o
 .debug_aranges
                0x00001148       0x20 ./Middleware/SEGGER/SEGGER/SEGGER_RTT_ASM_ARMv7M.o
 .debug_aranges
                0x00001168      0x300 ./Middleware/SEGGER/SEGGER/SEGGER_SYSVIEW.o

.debug_rnglists
                0x00000000      0xfaf
 .debug_rnglists
                0x00000000       0x3f ./Core/Src/main.o
 .debug_rnglists
                0x0000003f       0x13 ./Core/Src/stm32f4xx_hal_msp.o
 .debug_rnglists
                0x00000052       0x20 ./Core/Src/stm32f4xx_hal_timebase_tim.o
 .debug_rnglists
                0x00000072       0x37 ./Core/Src/stm32f4xx_it.o
 .debug_rnglists
                0x000000a9       0x1a ./Core/Src/system_stm32f4xx.o
 .debug_rnglists
                0x000000c3       0x19 ./Core/Startup/startup_stm32f429bitx.o
 .debug_rnglists
                0x000000dc       0xbb ./Drivers/STM32F4xx_HAL_Driver/Src/stm32f4xx_hal.o
 .debug_rnglists
                0x00000197       0xe0 ./Drivers/STM32F4xx_HAL_Driver/Src/stm32f4xx_hal_cortex.o
 .debug_rnglists
                0x00000277       0x3f ./Drivers/STM32F4xx_HAL_Driver/Src/stm32f4xx_hal_gpio.o
 .debug_rnglists
                0x000002b6       0x66 ./Drivers/STM32F4xx_HAL_Driver/Src/stm32f4xx_hal_rcc.o
 .debug_rnglists
                0x0000031c      0x31a ./Drivers/STM32F4xx_HAL_Driver/Src/stm32f4xx_hal_tim.o
 .debug_rnglists
                0x00000636      0x125 ./Drivers/STM32F4xx_HAL_Driver/Src/stm32f4xx_hal_tim_ex.o
 .debug_rnglists
                0x0000075b       0x2b ./Middleware/FreeRTOS/list.o
 .debug_rnglists
                0x00000786       0xf8 ./Middleware/FreeRTOS/queue.o
 .debug_rnglists
                0x0000087e      0x1ce ./Middleware/FreeRTOS/tasks.o
 .debug_rnglists
                0x00000a4c       0xba ./Middleware/FreeRTOS/timers.o
 .debug_rnglists
                0x00000b06       0x64 ./Middleware/FreeRTOS/portable/GCC/ARM_CM4F/port.o
 .debug_rnglists
                0x00000b6a       0x4e ./Middleware/FreeRTOS/portable/MemMang/heap_4.o
 .debug_rnglists
                0x00000bb8       0x19 ./Middleware/SEGGER/Config/SEGGER_SYSVIEW_Config_FreeRTOS.o
 .debug_rnglists
                0x00000bd1       0x36 ./Middleware/SEGGER/OS/SEGGER_SYSVIEW_FreeRTOS.o
 .debug_rnglists
                0x00000c07       0x4b ./Middleware/SEGGER/Recorded/segger_uart.o
 .debug_rnglists
                0x00000c52       0xf5 ./Middleware/SEGGER/SEGGER/SEGGER_RTT.o
 .debug_rnglists
                0x00000d47      0x268 ./Middleware/SEGGER/SEGGER/SEGGER_SYSVIEW.o

.debug_macro    0x00000000    0x26c79
 .debug_macro   0x00000000      0x2b1 ./Core/Src/main.o
 .debug_macro   0x000002b1      0xab4 ./Core/Src/main.o
 .debug_macro   0x00000d65      0x295 ./Core/Src/main.o
 .debug_macro   0x00000ffa       0x2e ./Core/Src/main.o
 .debug_macro   0x00001028       0x28 ./Core/Src/main.o
 .debug_macro   0x00001050       0x22 ./Core/Src/main.o
 .debug_macro   0x00001072       0x8e ./Core/Src/main.o
 .debug_macro   0x00001100       0x51 ./Core/Src/main.o
 .debug_macro   0x00001151      0x103 ./Core/Src/main.o
 .debug_macro   0x00001254       0x6a ./Core/Src/main.o
 .debug_macro   0x000012be      0x1df ./Core/Src/main.o
 .debug_macro   0x0000149d       0x1c ./Core/Src/main.o
 .debug_macro   0x000014b9       0x22 ./Core/Src/main.o
 .debug_macro   0x000014db       0xfb ./Core/Src/main.o
 .debug_macro   0x000015d6     0x1011 ./Core/Src/main.o
 .debug_macro   0x000025e7      0x11f ./Core/Src/main.o
 .debug_macro   0x00002706    0x17fd8 ./Core/Src/main.o
 .debug_macro   0x0001a6de       0x6d ./Core/Src/main.o
 .debug_macro   0x0001a74b     0x3711 ./Core/Src/main.o
 .debug_macro   0x0001de5c      0x189 ./Core/Src/main.o
 .debug_macro   0x0001dfe5       0x5c ./Core/Src/main.o
 .debug_macro   0x0001e041      0xcba ./Core/Src/main.o
 .debug_macro   0x0001ecfb      0x9e9 ./Core/Src/main.o
 .debug_macro   0x0001f6e4      0x115 ./Core/Src/main.o
 .debug_macro   0x0001f7f9      0x156 ./Core/Src/main.o
 .debug_macro   0x0001f94f       0xa5 ./Core/Src/main.o
 .debug_macro   0x0001f9f4      0x182 ./Core/Src/main.o
 .debug_macro   0x0001fb76      0x287 ./Core/Src/main.o
 .debug_macro   0x0001fdfd       0x5f ./Core/Src/main.o
 .debug_macro   0x0001fe5c      0x236 ./Core/Src/main.o
 .debug_macro   0x00020092      0x132 ./Core/Src/main.o
 .debug_macro   0x000201c4      0x41d ./Core/Src/main.o
 .debug_macro   0x000205e1       0x2e ./Core/Src/main.o
 .debug_macro   0x0002060f      0x127 ./Core/Src/main.o
 .debug_macro   0x00020736       0xe2 ./Core/Src/main.o
 .debug_macro   0x00020818       0x89 ./Core/Src/main.o
 .debug_macro   0x000208a1      0x8ed ./Core/Src/main.o
 .debug_macro   0x0002118e       0x4d ./Core/Src/main.o
 .debug_macro   0x000211db      0x134 ./Core/Src/main.o
 .debug_macro   0x0002130f       0x28 ./Core/Src/main.o
 .debug_macro   0x00021337       0x16 ./Core/Src/main.o
 .debug_macro   0x0002134d      0x112 ./Core/Src/main.o
 .debug_macro   0x0002145f       0x58 ./Core/Src/main.o
 .debug_macro   0x000214b7       0x46 ./Core/Src/main.o
 .debug_macro   0x000214fd       0x64 ./Core/Src/main.o
 .debug_macro   0x00021561       0x16 ./Core/Src/main.o
 .debug_macro   0x00021577       0x49 ./Core/Src/main.o
 .debug_macro   0x000215c0       0xca ./Core/Src/main.o
 .debug_macro   0x0002168a      0x234 ./Core/Src/main.o
 .debug_macro   0x000218be      0xf65 ./Core/Src/main.o
 .debug_macro   0x00022823       0x1c ./Core/Src/main.o
 .debug_macro   0x0002283f      0x182 ./Core/Src/main.o
 .debug_macro   0x000229c1       0xee ./Core/Src/main.o
 .debug_macro   0x00022aaf       0x2e ./Core/Src/main.o
 .debug_macro   0x00022add       0x1f ./Core/Src/main.o
 .debug_macro   0x00022afc       0x12 ./Core/Src/main.o
 .debug_macro   0x00022b0e      0xbb6 ./Core/Src/main.o
 .debug_macro   0x000236c4       0xc3 ./Core/Src/main.o
 .debug_macro   0x00023787      0x14f ./Core/Src/main.o
 .debug_macro   0x000238d6      0x293 ./Core/Src/stm32f4xx_hal_msp.o
 .debug_macro   0x00023b69      0x1c4 ./Core/Src/stm32f4xx_hal_timebase_tim.o
 .debug_macro   0x00023d2d      0x1dd ./Core/Src/stm32f4xx_it.o
 .debug_macro   0x00023f0a      0x1c4 ./Core/Src/system_stm32f4xx.o
 .debug_macro   0x000240ce      0x224 ./Drivers/STM32F4xx_HAL_Driver/Src/stm32f4xx_hal.o
 .debug_macro   0x000242f2      0x1c4 ./Drivers/STM32F4xx_HAL_Driver/Src/stm32f4xx_hal_cortex.o
 .debug_macro   0x000244b6      0x1ca ./Drivers/STM32F4xx_HAL_Driver/Src/stm32f4xx_hal_gpio.o
 .debug_macro   0x00024680      0x1e8 ./Drivers/STM32F4xx_HAL_Driver/Src/stm32f4xx_hal_rcc.o
 .debug_macro   0x00024868      0x1c5 ./Drivers/STM32F4xx_HAL_Driver/Src/stm32f4xx_hal_tim.o
 .debug_macro   0x00024a2d      0x1c4 ./Drivers/STM32F4xx_HAL_Driver/Src/stm32f4xx_hal_tim_ex.o
 .debug_macro   0x00024bf1      0x203 ./Middleware/FreeRTOS/list.o
 .debug_macro   0x00024df4      0x29a ./Middleware/FreeRTOS/queue.o
 .debug_macro   0x0002508e       0x16 ./Middleware/FreeRTOS/queue.o
 .debug_macro   0x000250a4       0x20 ./Middleware/FreeRTOS/queue.o
 .debug_macro   0x000250c4       0x80 ./Middleware/FreeRTOS/queue.o
 .debug_macro   0x00025144      0x324 ./Middleware/FreeRTOS/tasks.o
 .debug_macro   0x00025468       0x17 ./Middleware/FreeRTOS/tasks.o
 .debug_macro   0x0002547f      0x252 ./Middleware/FreeRTOS/timers.o
 .debug_macro   0x000256d1       0x9e ./Middleware/FreeRTOS/timers.o
 .debug_macro   0x0002576f      0x230 ./Middleware/FreeRTOS/portable/GCC/ARM_CM4F/port.o
 .debug_macro   0x0002599f      0x298 ./Middleware/FreeRTOS/portable/MemMang/heap_4.o
 .debug_macro   0x00025c37      0x146 ./Middleware/SEGGER/Config/SEGGER_SYSVIEW_Config_FreeRTOS.o
 .debug_macro   0x00025d7d      0x212 ./Middleware/SEGGER/OS/SEGGER_SYSVIEW_FreeRTOS.o
 .debug_macro   0x00025f8f       0x61 ./Middleware/SEGGER/OS/SEGGER_SYSVIEW_FreeRTOS.o
 .debug_macro   0x00025ff0      0x41d ./Middleware/SEGGER/Recorded/segger_uart.o
 .debug_macro   0x0002640d       0x3b ./Middleware/SEGGER/Recorded/segger_uart.o
 .debug_macro   0x00026448      0x138 ./Middleware/SEGGER/Recorded/segger_uart.o
 .debug_macro   0x00026580       0x56 ./Middleware/SEGGER/Recorded/segger_uart.o
 .debug_macro   0x000265d6      0x1e9 ./Middleware/SEGGER/SEGGER/SEGGER_RTT.o
 .debug_macro   0x000267bf       0x35 ./Middleware/SEGGER/SEGGER/SEGGER_RTT.o
 .debug_macro   0x000267f4      0x251 ./Middleware/SEGGER/SEGGER/SEGGER_SYSVIEW.o
 .debug_macro   0x00026a45      0x234 ./Middleware/SEGGER/SEGGER/SEGGER_SYSVIEW.o

.debug_line     0x00000000    0x177ea
 .debug_line    0x00000000      0xc25 ./Core/Src/main.o
 .debug_line    0x00000c25      0xa84 ./Core/Src/stm32f4xx_hal_msp.o
 .debug_line    0x000016a9      0x7b2 ./Core/Src/stm32f4xx_hal_timebase_tim.o
 .debug_line    0x00001e5b      0x7d3 ./Core/Src/stm32f4xx_it.o
 .debug_line    0x0000262e      0x7bb ./Core/Src/system_stm32f4xx.o
 .debug_line    0x00002de9       0x7a ./Core/Startup/startup_stm32f429bitx.o
 .debug_line    0x00002e63      0xa5a ./Drivers/STM32F4xx_HAL_Driver/Src/stm32f4xx_hal.o
 .debug_line    0x000038bd      0xd16 ./Drivers/STM32F4xx_HAL_Driver/Src/stm32f4xx_hal_cortex.o
 .debug_line    0x000045d3      0xbd8 ./Drivers/STM32F4xx_HAL_Driver/Src/stm32f4xx_hal_gpio.o
 .debug_line    0x000051ab      0xdad ./Drivers/STM32F4xx_HAL_Driver/Src/stm32f4xx_hal_rcc.o
 .debug_line    0x00005f58     0x37c8 ./Drivers/STM32F4xx_HAL_Driver/Src/stm32f4xx_hal_tim.o
 .debug_line    0x00009720     0x1a1a ./Drivers/STM32F4xx_HAL_Driver/Src/stm32f4xx_hal_tim_ex.o
 .debug_line    0x0000b13a      0x9f1 ./Middleware/FreeRTOS/list.o
 .debug_line    0x0000bb2b     0x1944 ./Middleware/FreeRTOS/queue.o
 .debug_line    0x0000d46f     0x2467 ./Middleware/FreeRTOS/tasks.o
 .debug_line    0x0000f8d6      0xff4 ./Middleware/FreeRTOS/timers.o
 .debug_line    0x000108ca      0xbb6 ./Middleware/FreeRTOS/portable/GCC/ARM_CM4F/port.o
 .debug_line    0x00011480      0xd90 ./Middleware/FreeRTOS/portable/MemMang/heap_4.o
 .debug_line    0x00012210      0x7ae ./Middleware/SEGGER/Config/SEGGER_SYSVIEW_Config_FreeRTOS.o
 .debug_line    0x000129be      0xaac ./Middleware/SEGGER/OS/SEGGER_SYSVIEW_FreeRTOS.o
 .debug_line    0x0001346a      0xc16 ./Middleware/SEGGER/Recorded/segger_uart.o
 .debug_line    0x00014080      0xf83 ./Middleware/SEGGER/SEGGER/SEGGER_RTT.o
 .debug_line    0x00015003       0x86 ./Middleware/SEGGER/SEGGER/SEGGER_RTT_ASM_ARMv7M.o
 .debug_line    0x00015089     0x2761 ./Middleware/SEGGER/SEGGER/SEGGER_SYSVIEW.o

.debug_str      0x00000000    0xf7e2e
 .debug_str     0x00000000    0xeace3 ./Core/Src/main.o
                              0xeb0a2 (size before relaxing)
 .debug_str     0x000eace3       0x40 ./Core/Src/stm32f4xx_hal_msp.o
                              0xe8740 (size before relaxing)
 .debug_str     0x000ead23      0x66c ./Core/Src/stm32f4xx_hal_timebase_tim.o
                              0xd1bd5 (size before relaxing)
 .debug_str     0x000eb38f       0xb9 ./Core/Src/stm32f4xx_it.o
                              0xd14e5 (size before relaxing)
 .debug_str     0x000eb448       0xdb ./Core/Src/system_stm32f4xx.o
                              0xd107a (size before relaxing)
 .debug_str     0x000eb523       0x44 ./Core/Startup/startup_stm32f429bitx.o
                                 0x8c (size before relaxing)
 .debug_str     0x000eb567      0x60e ./Drivers/STM32F4xx_HAL_Driver/Src/stm32f4xx_hal.o
                              0xd1c9d (size before relaxing)
 .debug_str     0x000ebb75      0x37a ./Drivers/STM32F4xx_HAL_Driver/Src/stm32f4xx_hal_cortex.o
                              0xd19cb (size before relaxing)
 .debug_str     0x000ebeef      0x11e ./Drivers/STM32F4xx_HAL_Driver/Src/stm32f4xx_hal_gpio.o
                              0xd11f5 (size before relaxing)
 .debug_str     0x000ec00d      0x1f2 ./Drivers/STM32F4xx_HAL_Driver/Src/stm32f4xx_hal_rcc.o
                              0xd14ae (size before relaxing)
 .debug_str     0x000ec1ff      0xe79 ./Drivers/STM32F4xx_HAL_Driver/Src/stm32f4xx_hal_tim.o
                              0xd23f1 (size before relaxing)
 .debug_str     0x000ed078      0x503 ./Drivers/STM32F4xx_HAL_Driver/Src/stm32f4xx_hal_tim_ex.o
                              0xd1bfd (size before relaxing)
 .debug_str     0x000ed57b     0x336d ./Middleware/FreeRTOS/list.o
                              0x1f68e (size before relaxing)
 .debug_str     0x000f08e8     0x1490 ./Middleware/FreeRTOS/queue.o
                              0x21fda (size before relaxing)
 .debug_str     0x000f1d78     0x20a6 ./Middleware/FreeRTOS/tasks.o
                              0x22fa8 (size before relaxing)
 .debug_str     0x000f3e1e      0x539 ./Middleware/FreeRTOS/timers.o
                              0x222a3 (size before relaxing)
 .debug_str     0x000f4357      0x945 ./Middleware/FreeRTOS/portable/GCC/ARM_CM4F/port.o
                              0x1e21c (size before relaxing)
 .debug_str     0x000f4c9c      0x703 ./Middleware/FreeRTOS/portable/MemMang/heap_4.o
                              0x211a8 (size before relaxing)
 .debug_str     0x000f539f      0x1c3 ./Middleware/SEGGER/Config/SEGGER_SYSVIEW_Config_FreeRTOS.o
                              0x1b92a (size before relaxing)
 .debug_str     0x000f5562      0x101 ./Middleware/SEGGER/OS/SEGGER_SYSVIEW_FreeRTOS.o
                              0x20ab2 (size before relaxing)
 .debug_str     0x000f5663     0x1021 ./Middleware/SEGGER/Recorded/segger_uart.o
                              0xd7252 (size before relaxing)
 .debug_str     0x000f6684      0x748 ./Middleware/SEGGER/SEGGER/SEGGER_RTT.o
                               0x8781 (size before relaxing)
 .debug_str     0x000f6dcc       0x34 ./Middleware/SEGGER/SEGGER/SEGGER_RTT_ASM_ARMv7M.o
                                 0x8a (size before relaxing)
 .debug_str     0x000f6e00     0x102e ./Middleware/SEGGER/SEGGER/SEGGER_SYSVIEW.o
                               0xac24 (size before relaxing)

.comment        0x00000000       0x43
 .comment       0x00000000       0x43 ./Core/Src/main.o
                                 0x44 (size before relaxing)
 .comment       0x00000043       0x44 ./Core/Src/stm32f4xx_hal_msp.o
 .comment       0x00000043       0x44 ./Core/Src/stm32f4xx_hal_timebase_tim.o
 .comment       0x00000043       0x44 ./Core/Src/stm32f4xx_it.o
 .comment       0x00000043       0x44 ./Core/Src/system_stm32f4xx.o
 .comment       0x00000043       0x44 ./Drivers/STM32F4xx_HAL_Driver/Src/stm32f4xx_hal.o
 .comment       0x00000043       0x44 ./Drivers/STM32F4xx_HAL_Driver/Src/stm32f4xx_hal_cortex.o
 .comment       0x00000043       0x44 ./Drivers/STM32F4xx_HAL_Driver/Src/stm32f4xx_hal_gpio.o
 .comment       0x00000043       0x44 ./Drivers/STM32F4xx_HAL_Driver/Src/stm32f4xx_hal_rcc.o
 .comment       0x00000043       0x44 ./Drivers/STM32F4xx_HAL_Driver/Src/stm32f4xx_hal_tim.o
 .comment       0x00000043       0x44 ./Drivers/STM32F4xx_HAL_Driver/Src/stm32f4xx_hal_tim_ex.o
 .comment       0x00000043       0x44 ./Middleware/FreeRTOS/list.o
 .comment       0x00000043       0x44 ./Middleware/FreeRTOS/queue.o
 .comment       0x00000043       0x44 ./Middleware/FreeRTOS/tasks.o
 .comment       0x00000043       0x44 ./Middleware/FreeRTOS/timers.o
 .comment       0x00000043       0x44 ./Middleware/FreeRTOS/portable/GCC/ARM_CM4F/port.o
 .comment       0x00000043       0x44 ./Middleware/FreeRTOS/portable/MemMang/heap_4.o
 .comment       0x00000043       0x44 ./Middleware/SEGGER/Config/SEGGER_SYSVIEW_Config_FreeRTOS.o
 .comment       0x00000043       0x44 ./Middleware/SEGGER/OS/SEGGER_SYSVIEW_FreeRTOS.o
 .comment       0x00000043       0x44 ./Middleware/SEGGER/Recorded/segger_uart.o
 .comment       0x00000043       0x44 ./Middleware/SEGGER/SEGGER/SEGGER_RTT.o
 .comment       0x00000043       0x44 ./Middleware/SEGGER/SEGGER/SEGGER_SYSVIEW.o

.debug_frame    0x00000000     0x54f4
 .debug_frame   0x00000000      0x114 ./Core/Src/main.o
 .debug_frame   0x00000114       0x34 ./Core/Src/stm32f4xx_hal_msp.o
 .debug_frame   0x00000148       0x74 ./Core/Src/stm32f4xx_hal_timebase_tim.o
 .debug_frame   0x000001bc       0xc4 ./Core/Src/stm32f4xx_it.o
 .debug_frame   0x00000280       0x58 ./Core/Src/system_stm32f4xx.o
 .debug_frame   0x000002d8      0x3b4 ./Drivers/STM32F4xx_HAL_Driver/Src/stm32f4xx_hal.o
 .debug_frame   0x0000068c      0x508 ./Drivers/STM32F4xx_HAL_Driver/Src/stm32f4xx_hal_cortex.o
 .debug_frame   0x00000b94      0x14c ./Drivers/STM32F4xx_HAL_Driver/Src/stm32f4xx_hal_gpio.o
 .debug_frame   0x00000ce0      0x1f4 ./Drivers/STM32F4xx_HAL_Driver/Src/stm32f4xx_hal_rcc.o
 .debug_frame   0x00000ed4     0x11c0 ./Drivers/STM32F4xx_HAL_Driver/Src/stm32f4xx_hal_tim.o
 .debug_frame   0x00002094      0x638 ./Drivers/STM32F4xx_HAL_Driver/Src/stm32f4xx_hal_tim_ex.o
 .debug_frame   0x000026cc       0xc4 ./Middleware/FreeRTOS/list.o
 .debug_frame   0x00002790      0x55c ./Middleware/FreeRTOS/queue.o
 .debug_frame   0x00002cec      0x9d4 ./Middleware/FreeRTOS/tasks.o
 .debug_frame   0x000036c0      0x3f4 ./Middleware/FreeRTOS/timers.o
 .debug_frame   0x00003ab4      0x1d0 ./Middleware/FreeRTOS/portable/GCC/ARM_CM4F/port.o
 .debug_frame   0x00003c84      0x174 ./Middleware/FreeRTOS/portable/MemMang/heap_4.o
 .debug_frame   0x00003df8       0x48 ./Middleware/SEGGER/Config/SEGGER_SYSVIEW_Config_FreeRTOS.o
 .debug_frame   0x00003e40      0x104 ./Middleware/SEGGER/OS/SEGGER_SYSVIEW_FreeRTOS.o
 .debug_frame   0x00003f44      0x178 ./Middleware/SEGGER/Recorded/segger_uart.o
 .debug_frame   0x000040bc      0x52c ./Middleware/SEGGER/SEGGER/SEGGER_RTT.o
 .debug_frame   0x000045e8      0xe10 ./Middleware/SEGGER/SEGGER/SEGGER_SYSVIEW.o
 .debug_frame   0x000053f8       0x28 C:/ST/STM32CubeIDE_1.16.0/STM32CubeIDE/plugins/com.st.stm32cube.ide.mcu.externaltools.gnu-tools-for-stm32.12.3.rel1.win32_1.0.200.202406191623/tools/bin/../lib/gcc/arm-none-eabi/12.3.1/../../../../arm-none-eabi/lib/thumb/v7e-m+fp/hard\libc_nano.a(libc_a-memcmp.o)
 .debug_frame   0x00005420       0x20 C:/ST/STM32CubeIDE_1.16.0/STM32CubeIDE/plugins/com.st.stm32cube.ide.mcu.externaltools.gnu-tools-for-stm32.12.3.rel1.win32_1.0.200.202406191623/tools/bin/../lib/gcc/arm-none-eabi/12.3.1/../../../../arm-none-eabi/lib/thumb/v7e-m+fp/hard\libc_nano.a(libc_a-memset.o)
 .debug_frame   0x00005440       0x2c C:/ST/STM32CubeIDE_1.16.0/STM32CubeIDE/plugins/com.st.stm32cube.ide.mcu.externaltools.gnu-tools-for-stm32.12.3.rel1.win32_1.0.200.202406191623/tools/bin/../lib/gcc/arm-none-eabi/12.3.1/../../../../arm-none-eabi/lib/thumb/v7e-m+fp/hard\libc_nano.a(libc_a-init.o)
 .debug_frame   0x0000546c       0x28 C:/ST/STM32CubeIDE_1.16.0/STM32CubeIDE/plugins/com.st.stm32cube.ide.mcu.externaltools.gnu-tools-for-stm32.12.3.rel1.win32_1.0.200.202406191623/tools/bin/../lib/gcc/arm-none-eabi/12.3.1/../../../../arm-none-eabi/lib/thumb/v7e-m+fp/hard\libc_nano.a(libc_a-memcpy-stub.o)
 .debug_frame   0x00005494       0x2c C:/ST/STM32CubeIDE_1.16.0/STM32CubeIDE/plugins/com.st.stm32cube.ide.mcu.externaltools.gnu-tools-for-stm32.12.3.rel1.win32_1.0.200.202406191623/tools/bin/../lib/gcc/arm-none-eabi/12.3.1/thumb/v7e-m+fp/hard\libgcc.a(_aeabi_uldivmod.o)
 .debug_frame   0x000054c0       0x34 C:/ST/STM32CubeIDE_1.16.0/STM32CubeIDE/plugins/com.st.stm32cube.ide.mcu.externaltools.gnu-tools-for-stm32.12.3.rel1.win32_1.0.200.202406191623/tools/bin/../lib/gcc/arm-none-eabi/12.3.1/thumb/v7e-m+fp/hard\libgcc.a(_udivmoddi4.o)

.debug_line_str
                0x00000000       0xa4
 .debug_line_str
                0x00000000       0x70 ./Core/Startup/startup_stm32f429bitx.o
 .debug_line_str
                0x00000070       0x34 ./Middleware/SEGGER/SEGGER/SEGGER_RTT_ASM_ARMv7M.o
                                 0x7c (size before relaxing)
