../Middleware/FreeRTOS/tasks.c:1631:20:prvCreateTask	48	static
../Middleware/FreeRTOS/tasks.c:1729:16:xTaskCreate	40	static
../Middleware/FreeRTOS/tasks.c:1804:13:prvInitialiseNewTask	40	static,ignoring_inline_asm
../Middleware/FreeRTOS/tasks.c:2030:17:prvAddNewTaskToReadyList	40	static
../Middleware/FreeRTOS/tasks.c:2202:10:vTaskDelete	32	static,ignoring_inline_asm
../Middleware/FreeRTOS/tasks.c:2354:16:xTaskDelayUntil	48	static,ignoring_inline_asm
../Middleware/FreeRTOS/tasks.c:2446:10:vTaskDelay	24	static,ignoring_inline_asm
../Middleware/FreeRTOS/tasks.c:2496:16:eTaskGetState	48	static,ignoring_inline_asm
../Middleware/FreeRTOS/tasks.c:2628:17:uxTaskPriorityGet	24	static
../Middleware/FreeRTOS/tasks.c:2654:17:uxTaskPriorityGetFromISR	40	static,ignoring_inline_asm
../Middleware/FreeRTOS/tasks.c:2702:17:uxTaskBasePriorityGet	24	static
../Middleware/FreeRTOS/tasks.c:2728:17:uxTaskBasePriorityGetFromISR	40	static,ignoring_inline_asm
../Middleware/FreeRTOS/tasks.c:2776:10:vTaskPrioritySet	48	static,ignoring_inline_asm
../Middleware/FreeRTOS/tasks.c:3132:10:vTaskSuspend	32	static,ignoring_inline_asm
../Middleware/FreeRTOS/tasks.c:3294:23:prvTaskIsTaskSuspended	32	static,ignoring_inline_asm
../Middleware/FreeRTOS/tasks.c:3364:10:vTaskResume	32	static,ignoring_inline_asm
../Middleware/FreeRTOS/tasks.c:3425:16:xTaskResumeFromISR	48	static,ignoring_inline_asm
../Middleware/FreeRTOS/tasks.c:3522:19:prvCreateIdleTasks	48	static
../Middleware/FreeRTOS/tasks.c:3676:6:vTaskStartScheduler	24	static,ignoring_inline_asm
../Middleware/FreeRTOS/tasks.c:3781:6:vTaskEndScheduler	16	static,ignoring_inline_asm
../Middleware/FreeRTOS/tasks.c:3824:6:vTaskSuspendAll	8	static,ignoring_inline_asm
../Middleware/FreeRTOS/tasks.c:3969:12:xTaskResumeAll	40	static,ignoring_inline_asm
../Middleware/FreeRTOS/tasks.c:4119:12:xTaskGetTickCount	16	static
../Middleware/FreeRTOS/tasks.c:4138:12:xTaskGetTickCountFromISR	16	static
../Middleware/FreeRTOS/tasks.c:4173:13:uxTaskGetNumberOfTasks	8	static
../Middleware/FreeRTOS/tasks.c:4185:8:pcTaskGetName	24	static,ignoring_inline_asm
../Middleware/FreeRTOS/tasks.c:4398:17:uxTaskGetSystemState	32	static
../Middleware/FreeRTOS/tasks.c:4478:22:xTaskGetIdleTaskHandle	16	static,ignoring_inline_asm
../Middleware/FreeRTOS/tasks.c:4492:18:xTaskGetIdleTaskHandleForCore	24	static,ignoring_inline_asm
../Middleware/FreeRTOS/tasks.c:4559:12:xTaskCatchUpTicks	24	static,ignoring_inline_asm
../Middleware/FreeRTOS/tasks.c:4683:12:xTaskIncrementTick	48	static,ignoring_inline_asm
../Middleware/FreeRTOS/tasks.c:5070:10:vTaskSwitchContext	32	static,ignoring_inline_asm
../Middleware/FreeRTOS/tasks.c:5257:6:vTaskPlaceOnEventList	24	static,ignoring_inline_asm
../Middleware/FreeRTOS/tasks.c:5286:6:vTaskPlaceOnUnorderedEventList	40	static,ignoring_inline_asm
../Middleware/FreeRTOS/tasks.c:5318:10:vTaskPlaceOnEventListRestricted	32	static,ignoring_inline_asm
../Middleware/FreeRTOS/tasks.c:5355:12:xTaskRemoveFromEventList	48	static,ignoring_inline_asm
../Middleware/FreeRTOS/tasks.c:5448:6:vTaskRemoveFromUnorderedEventList	40	static,ignoring_inline_asm
../Middleware/FreeRTOS/tasks.c:5520:6:vTaskSetTimeOutState	24	static,ignoring_inline_asm
../Middleware/FreeRTOS/tasks.c:5536:6:vTaskInternalSetTimeOutState	16	static
../Middleware/FreeRTOS/tasks.c:5548:12:xTaskCheckForTimeOut	40	static,ignoring_inline_asm
../Middleware/FreeRTOS/tasks.c:5617:6:vTaskMissedYield	8	static
../Middleware/FreeRTOS/tasks.c:5630:17:uxTaskGetTaskNumber	24	static
../Middleware/FreeRTOS/tasks.c:5657:10:vTaskSetTaskNumber	24	static
../Middleware/FreeRTOS/tasks.c:5762:8:prvIdleTask	16	static,ignoring_inline_asm
../Middleware/FreeRTOS/tasks.c:6025:13:prvInitialiseTaskLists	16	static
../Middleware/FreeRTOS/tasks.c:6057:13:prvCheckTasksWaitingTermination	16	static
../Middleware/FreeRTOS/tasks.c:6135:10:vTaskGetInfo	32	static
../Middleware/FreeRTOS/tasks.c:6282:24:prvListTasksWithinSingleList	40	static
../Middleware/FreeRTOS/tasks.c:6321:35:prvTaskCheckFreeStackSpace	24	static
../Middleware/FreeRTOS/tasks.c:6416:11:pxTaskGetStackStart	24	static
../Middleware/FreeRTOS/tasks.c:6431:17:prvDeleteTCB	16	static
../Middleware/FreeRTOS/tasks.c:6484:13:prvResetNextTaskUnblockTime	4	static
../Middleware/FreeRTOS/tasks.c:6508:22:xTaskGetCurrentTaskHandle	16	static
../Middleware/FreeRTOS/tasks.c:6543:18:xTaskGetCurrentTaskHandleForCore	24	static
../Middleware/FreeRTOS/tasks.c:6568:16:xTaskGetSchedulerState	16	static
../Middleware/FreeRTOS/tasks.c:6608:16:xTaskPriorityInherit	32	static
../Middleware/FreeRTOS/tasks.c:6711:16:xTaskPriorityDisinherit	40	static,ignoring_inline_asm
../Middleware/FreeRTOS/tasks.c:6805:10:vTaskPriorityDisinheritAfterTimeout	48	static,ignoring_inline_asm
../Middleware/FreeRTOS/tasks.c:7597:12:uxTaskResetEventItemValue	16	static
../Middleware/FreeRTOS/tasks.c:7617:18:pvTaskIncrementMutexHeldCount	16	static
../Middleware/FreeRTOS/tasks.c:7642:14:ulTaskGenericNotifyTake	40	static,ignoring_inline_asm
../Middleware/FreeRTOS/tasks.c:7745:16:xTaskGenericNotifyWait	40	static,ignoring_inline_asm
../Middleware/FreeRTOS/tasks.c:7860:16:xTaskGenericNotify	64	static,ignoring_inline_asm
../Middleware/FreeRTOS/tasks.c:7980:16:xTaskGenericNotifyFromISR	80	static,ignoring_inline_asm
../Middleware/FreeRTOS/tasks.c:8146:10:vTaskGenericNotifyGiveFromISR	72	static,ignoring_inline_asm
../Middleware/FreeRTOS/tasks.c:8262:16:xTaskGenericNotifyStateClear	32	static,ignoring_inline_asm
../Middleware/FreeRTOS/tasks.c:8300:14:ulTaskGenericNotifyValueClear	40	static,ignoring_inline_asm
../Middleware/FreeRTOS/tasks.c:8443:13:prvAddCurrentTaskToDelayedList	40	static
../Middleware/FreeRTOS/tasks.c:8673:6:vTaskResetState	16	static
